<html>
<body>
<pre>
<h1>礦ision Build Log</h1>
<h2>Tool Versions:</h2>
IDE-Version: μVision V5.27.1.0
Copyright (C) 2019 ARM Ltd and ARM Germany GmbH. All rights reserved.
License Information: 1 Administrator, 1, LIC=65ISZ-JZQQR-KP9ZY-I3W0L-F88HR-W9FXJ
 
Tool Versions:
Toolchain:       MDK-ARM Plus  Version: 5.21a
Toolchain Path:  D:\Keil_v5\ARM\ARMCC\Bin
C Compiler:      Armcc.exe V5.06 update 3 (build 300)
Assembler:       Armasm.exe V5.06 update 3 (build 300)
Linker/Locator:  ArmLink.exe V5.06 update 3 (build 300)
Library Manager: ArmAr.exe V5.06 update 3 (build 300)
Hex Converter:   FromElf.exe V5.06 update 3 (build 300)
CPU DLL:         SARMCM3.DLL V5.21a
Dialog DLL:      DCM.DLL V1.13.8.0
Target DLL:      STLink\ST-LINKIII-KEIL_SWO.dll V2.0.18.0
Dialog DLL:      TCM.DLL V1.14.14.0
 
<h2>Project:</h2>
C:\Users\Administrator\Desktop\毕设\9.源码\毕设代码\PROJECT\TOUCH.uvprojx
Project File Date:  04/25/2022

<h2>Output:</h2>
*** Using Compiler 'V5.06 update 3 (build 300)', folder: 'D:\Keil_v5\ARM\ARMCC\Bin'
Build target 'QD-TFT'
compiling main.c...
..\USER\main.c(25): warning:  #1295-D: Deprecated declaration main_page - give arg types
  void main_page();
..\USER\main.c(26): warning:  #1295-D: Deprecated declaration buy_page - give arg types
  void buy_page();
..\USER\main.c(27): warning:  #1295-D: Deprecated declaration sure_page - give arg types
  void sure_page();
..\USER\main.c(28): warning:  #1295-D: Deprecated declaration quit_page - give arg types
  void quit_page();
..\USER\main.c(29): warning:  #1295-D: Deprecated declaration time_page - give arg types
  void time_page();
..\USER\main.c(30): warning:  #1295-D: Deprecated declaration num_page - give arg types
  void num_page();
..\USER\main.c(31): warning:  #1295-D: Deprecated declaration scan_page - give arg types
  void scan_page();
..\USER\main.c(32): warning:  #1295-D: Deprecated declaration money_page - give arg types
  void money_page();
..\USER\main.c(44): warning:  #167-D: argument of type "char *" is incompatible with parameter of type "u8 *"
  Show_Str(110,90,
HITE,
LUE,departure,16,1);	
..\USER\main.c(45): warning:  #167-D: argument of type "char *" is incompatible with parameter of type "u8 *"
  Show_Str(330,90,
HITE,
LUE,destination,16,1);	
..\USER\main.c(46): warning:  #167-D: argument of type "char *" is incompatible with parameter of type "u8 *"
  Show_Str(220,75,
HITE,
LUE,Ride_time,16,1);	
..\USER\main.c(47): warning:  #167-D: argument of type "char *" is incompatible with parameter of type "u8 *"
  Show_Str(220,95,
HITE,
LUE,ticket,16,1);
..\USER\main.c(113): warning:  #167-D: argument of type "char *" is incompatible with parameter of type "u8 *"
  Show_Str(120,60,
HITE,
LUE,departure,16,1);	
..\USER\main.c(114): warning:  #167-D: argument of type "char *" is incompatible with parameter of type "u8 *"
  Show_Str(320,60,
HITE,
LUE,destination,16,1);	
..\USER\main.c(115): warning:  #167-D: argument of type "char *" is incompatible with parameter of type "u8 *"
  Show_Str(220,45,
HITE,
LUE,Ride_time,16,1);	
..\USER\main.c(116): warning:  #167-D: argument of type "char *" is incompatible with parameter of type "u8 *"
  Show_Str(220,65,
HITE,
LUE,ticket,16,1);
..\USER\main.c(172): warning:  #167-D: argument of type "char *" is incompatible with parameter of type "u8 *"
  													Show_Str(180,150,
HITE,
LUE,cardnum,16,1);
..\USER\main.c(232): warning:  #167-D: argument of type "char *" is incompatible with parameter of type "u8 *"
  													Show_Str(180,150,
HITE,
LUE,cardnum,16,1);
..\USER\main.c(324): warning:  #186-D: pointless comparison of unsigned integer with zero
  							if(i<0)
..\USER\main.c(338): warning:  #186-D: pointless comparison of unsigned integer with zero
  								if(j<0)
..\USER\main.c(381): warning:  #186-D: pointless comparison of unsigned integer with zero
  								if(i<30&&i>=0)
..\USER\main.c(383): warning:  #186-D: pointless comparison of unsigned integer with zero
  								if(j<30&&j>=0)
..\USER\main.c(717): warning:  #167-D: argument of type "char *" is incompatible with parameter of type "u8 *"
  Show_Str(190,90,
HITE,
LUE,departure,16,1);	
..\USER\main.c(718): warning:  #167-D: argument of type "char *" is incompatible with parameter of type "u8 *"
  Show_Str(270,90,
HITE,
LUE,destination,16,1);	
..\USER\main.c(723): warning:  #167-D: argument of type "char *" is incompatible with parameter of type "u8 *"
  Show_Str(190,150,
HITE,
LUE,departure,16,1);	
..\USER\main.c(724): warning:  #167-D: argument of type "char *" is incompatible with parameter of type "u8 *"
  Show_Str(270,150,
HITE,
LUE,destination,16,1);	
..\USER\main.c(729): warning:  #167-D: argument of type "char *" is incompatible with parameter of type "u8 *"
  Show_Str(190,210,
HITE,
LUE,departure,16,1);	
..\USER\main.c(730): warning:  #167-D: argument of type "char *" is incompatible with parameter of type "u8 *"
  Show_Str(270,210,
HITE,
LUE,destination,16,1);	
..\USER\main.c(873): warning:  #223-D: function "PcdAntennaOff" declared implicitly
  	PcdAntennaOff(); 
..\USER\main.c(874): warning:  #223-D: function "PcdAntennaOn" declared implicitly
  	PcdAntennaOn();  
..\USER\main.c: 30 warnings, 0 errors
linking...
Program Size: Code=40754 RO-data=22202 RW-data=1020 ZI-data=3004  
FromELF: creating hex file...
"..\OBJ\TOUCH.axf" - 0 Error(s), 30 Warning(s).

<h2>Software Packages used:</h2>

Package Vendor: ARM
                http://www.keil.com/pack/ARM.CMSIS.4.5.0.pack
                ARM.CMSIS.4.5.0
                CMSIS (Cortex Microcontroller Software Interface Standard)
   * Component: CORE Version: 4.3.0

Package Vendor: Keil
                http://www.keil.com/pack/Keil.STM32F1xx_DFP.2.3.0.pack
                Keil.STM32F1xx_DFP.2.3.0
                STMicroelectronics STM32F1 Series Device Support, Drivers and Examples
   * Component: Startup Version: 1.0.0

<h2>Collection of Component include folders:</h2>
  .\RTE\_QD-TFT
  D:\Keil_v5\ARM\PACK\ARM\CMSIS\4.5.0\CMSIS\Include
  D:\Keil_v5\ARM\PACK\Keil\STM32F1xx_DFP\2.3.0\Device\Include

<h2>Collection of Component Files used:</h2>

   * Component: ARM::CMSIS:CORE:4.3.0

   * Component: Keil::Device:Startup:1.0.0
      Include file:  RTE_Driver\Config\RTE_Device.h
      Source file:   Device\Source\ARM\STM32F1xx_OPT.s
      Source file:   Device\Source\ARM\startup_stm32f10x_md.s
      Source file:   Device\Source\system_stm32f10x.c
Build Time Elapsed:  00:00:02
</pre>
</body>
</html>
