Component: ARM Compiler 5.06 update 3 (build 300) Tool: armlink [4d35c9]

==============================================================================

Section Cross References

    gui.o(.text) refers to lcd.o(.text) for LCD_SetCursor
    gui.o(.text) refers to lcd.o(.bss) for lcddev
    gui.o(.text) refers to lcd.o(.data) for POINT_COLOR
    gui.o(.text) refers to gui.o(.constdata) for asc2_1206
    gui.o(.text) refers to strlen.o(.text) for strlen
    main.o(.text) refers to _printf_percent.o(.ARM.Collect$$_printf_percent$$00000000) for _printf_percent
    main.o(.text) refers to _printf_s.o(.ARM.Collect$$_printf_percent$$00000014) for _printf_s
    main.o(.text) refers to _printf_str.o(.text) for _printf_str
    main.o(.text) refers to gui.o(.text) for LCD_Fill
    main.o(.text) refers to rc522_function.o(.text) for PcdRequest
    main.o(.text) refers to __2sprintf.o(.text) for __2sprintf
    main.o(.text) refers to delay.o(.text) for delay_ms
    main.o(.text) refers to lcd.o(.bss) for lcddev
    main.o(.text) refers to main.o(.bss) for departure
    main.o(.text) refers to touch.o(.data) for tp_dev
    main.o(.text) refers to main.o(.data) for ucArray_ID
    main.o(.text) refers to rt_memcpy_w.o(.text) for __aeabi_memcpy4
    main.o(.text) refers to main.o(.constdata) for .constdata
    main.o(.text) refers to lcd.o(.text) for LCD_Clear
    main.o(.text) refers to timer.o(.text) for TIM3_Int_Init
    main.o(.text) refers to stm32f10x_rcc.o(.text) for RCC_APB1PeriphClockCmd
    main.o(.text) refers to loader.o(.text) for Wifi_SendString
    main.o(.text) refers to main.o(.conststring) for .conststring
    main.o(.text) refers to stm32f10x_gpio.o(.text) for GPIO_SetBits
    main.o(.text) refers to system_stm32f10x.o(.text) for SystemInit
    main.o(.text) refers to led.o(.text) for LED_Init
    main.o(.text) refers to bsp_usart.o(.text) for UART1_Init
    main.o(.text) refers to touch.o(.text) for TP_Init
    main.o(.text) refers to rc522_config.o(.text) for RC522_Init
    system_stm32f10x.o(.text) refers to system_stm32f10x.o(.data) for SystemCoreClock
    key.o(.text) refers to stm32f10x_rcc.o(.text) for RCC_APB2PeriphClockCmd
    key.o(.text) refers to stm32f10x_gpio.o(.text) for GPIO_Init
    key.o(.text) refers to delay.o(.text) for delay_ms
    lcd.o(.text) refers to spi.o(.text) for SPI_WriteByte
    lcd.o(.text) refers to stm32f10x_rcc.o(.text) for RCC_APB2PeriphClockCmd
    lcd.o(.text) refers to stm32f10x_gpio.o(.text) for GPIO_Init
    lcd.o(.text) refers to delay.o(.text) for delay_ms
    lcd.o(.text) refers to lcd.o(.bss) for lcddev
    lcd.o(.text) refers to lcd.o(.data) for POINT_COLOR
    24cxx.o(.text) refers to myiic.o(.text) for IIC_Init
    24cxx.o(.text) refers to delay.o(.text) for delay_ms
    touch.o(.text) refers to delay.o(.text) for delay_us
    touch.o(.text) refers to gui.o(.text) for LCD_DrawLine
    touch.o(.text) refers to lcd.o(.text) for LCD_DrawPoint
    touch.o(.text) refers to fflt_clz.o(x$fpl$fflt) for __aeabi_i2f
    touch.o(.text) refers to fflt_clz.o(x$fpl$ffltu) for __aeabi_ui2f
    touch.o(.text) refers to fmul.o(x$fpl$fmul) for __aeabi_fmul
    touch.o(.text) refers to faddsub_clz.o(x$fpl$fadd) for __aeabi_fadd
    touch.o(.text) refers to ffixu.o(x$fpl$ffixu) for __aeabi_f2uiz
    touch.o(.text) refers to ffix.o(x$fpl$ffix) for __aeabi_f2iz
    touch.o(.text) refers to 24cxx.o(.text) for AT24CXX_WriteLenByte
    touch.o(.text) refers to touch.o(.data) for CMD_RDX
    touch.o(.text) refers to lcd.o(.data) for POINT_COLOR
    touch.o(.text) refers to fdiv.o(x$fpl$fdiv) for __aeabi_fdiv
    touch.o(.text) refers to dflt_clz.o(x$fpl$dfltu) for __aeabi_ui2d
    touch.o(.text) refers to sqrt.o(i.sqrt) for sqrt
    touch.o(.text) refers to dfixu.o(x$fpl$dfixu) for __aeabi_d2uiz
    touch.o(.text) refers to lcd.o(.bss) for lcddev
    touch.o(.text) refers to f2d.o(x$fpl$f2d) for __aeabi_f2d
    touch.o(.text) refers to dleqf.o(x$fpl$dleqf) for __aeabi_cdcmple
    touch.o(.text) refers to drleqf.o(x$fpl$drleqf) for __aeabi_cdrcmple
    touch.o(.text) refers to faddsub_clz.o(x$fpl$fsub) for __aeabi_fsub
    touch.o(.text) refers to stm32f10x_rcc.o(.text) for RCC_APB2PeriphClockCmd
    touch.o(.text) refers to stm32f10x_gpio.o(.text) for GPIO_Init
    touch.o(.data) refers to touch.o(.text) for TP_Init
    touch.o(.data) refers to touch.o(.conststring) for .conststring
    spi.o(.text) refers to stm32f10x_rcc.o(.text) for RCC_APB2PeriphClockCmd
    spi.o(.text) refers to stm32f10x_gpio.o(.text) for GPIO_Init
    spi.o(.text) refers to stm32f10x_spi.o(.text) for SPI_Init
    myiic.o(.text) refers to stm32f10x_rcc.o(.text) for RCC_APB2PeriphClockCmd
    myiic.o(.text) refers to stm32f10x_gpio.o(.text) for GPIO_Init
    myiic.o(.text) refers to delay.o(.text) for delay_us
    led.o(.text) refers to stm32f10x_rcc.o(.text) for RCC_APB2PeriphClockCmd
    led.o(.text) refers to stm32f10x_gpio.o(.text) for GPIO_Init
[...]
    __Vectors_End                            0x080000ec   Data           0  startup_stm32f10x_md.o(RESET)
    __main                                   0x080000ed   Thumb Code     8  __main.o(!!!main)
    __scatterload                            0x080000f5   Thumb Code     0  __scatter.o(!!!scatter)
    __scatterload_rt2                        0x080000f5   Thumb Code    44  __scatter.o(!!!scatter)
    __scatterload_rt2_thumb_only             0x080000f5   Thumb Code     0  __scatter.o(!!!scatter)
    __scatterload_null                       0x08000103   Thumb Code     0  __scatter.o(!!!scatter)
    __decompress                             0x08000129   Thumb Code    90  __dczerorl2.o(!!dczerorl2)
    __decompress1                            0x08000129   Thumb Code     0  __dczerorl2.o(!!dczerorl2)
    __scatterload_zeroinit                   0x08000185   Thumb Code    28  __scatter_zi.o(!!handler_zi)
    _printf_n                                0x080001a1   Thumb Code     0  _printf_n.o(.ARM.Collect$$_printf_percent$$00000001)
    _printf_percent                          0x080001a1   Thumb Code     0  _printf_percent.o(.ARM.Collect$$_printf_percent$$00000000)
    _printf_p                                0x080001a7   Thumb Code     0  _printf_p.o(.ARM.Collect$$_printf_percent$$00000002)
    _printf_f                                0x080001ad   Thumb Code     0  _printf_f.o(.ARM.Collect$$_printf_percent$$00000003)
    _printf_e                                0x080001b3   Thumb Code     0  _printf_e.o(.ARM.Collect$$_printf_percent$$00000004)
    _printf_g                                0x080001b9   Thumb Code     0  _printf_g.o(.ARM.Collect$$_printf_percent$$00000005)
    _printf_a                                0x080001bf   Thumb Code     0  _printf_a.o(.ARM.Collect$$_printf_percent$$00000006)
    _printf_ll                               0x080001c5   Thumb Code     0  _printf_ll.o(.ARM.Collect$$_printf_percent$$00000007)
    _printf_i                                0x080001cf   Thumb Code     0  _printf_i.o(.ARM.Collect$$_printf_percent$$00000008)
    _printf_d                                0x080001d5   Thumb Code     0  _printf_d.o(.ARM.Collect$$_printf_percent$$00000009)
    _printf_u                                0x080001db   Thumb Code     0  _printf_u.o(.ARM.Collect$$_printf_percent$$0000000A)
    _printf_o                                0x080001e1   Thumb Code     0  _printf_o.o(.ARM.Collect$$_printf_percent$$0000000B)
    _printf_x                                0x080001e7   Thumb Code     0  _printf_x.o(.ARM.Collect$$_printf_percent$$0000000C)
    _printf_lli                              0x080001ed   Thumb Code     0  _printf_lli.o(.ARM.Collect$$_printf_percent$$0000000D)
    _printf_lld                              0x080001f3   Thumb Code     0  _printf_lld.o(.ARM.Collect$$_printf_percent$$0000000E)
    _printf_llu                              0x080001f9   Thumb Code     0  _printf_llu.o(.ARM.Collect$$_printf_percent$$0000000F)
    _printf_llo                              0x080001ff   Thumb Code     0  _printf_llo.o(.ARM.Collect$$_printf_percent$$00000010)
    _printf_llx                              0x08000205   Thumb Code     0  _printf_llx.o(.ARM.Collect$$_printf_percent$$00000011)
    _printf_l                                0x0800020b   Thumb Code     0  _printf_l.o(.ARM.Collect$$_printf_percent$$00000012)
    _printf_c                                0x08000215   Thumb Code     0  _printf_c.o(.ARM.Collect$$_printf_percent$$00000013)
    _printf_s                                0x0800021b   Thumb Code     0  _printf_s.o(.ARM.Collect$$_printf_percent$$00000014)
    _printf_lc                               0x08000221   Thumb Code     0  _printf_lc.o(.ARM.Collect$$_printf_percent$$00000015)
    _printf_ls                               0x08000227   Thumb Code     0  _printf_ls.o(.ARM.Collect$$_printf_percent$$00000016)
    _printf_percent_end                      0x0800022d   Thumb Code     0  _printf_percent_end.o(.ARM.Collect$$_printf_percent$$00000017)
    __rt_lib_init                            0x08000231   Thumb Code     0  libinit.o(.ARM.Collect$$libinit$$00000000)
    __rt_lib_init_fp_1                       0x08000233   Thumb Code     0  libinit2.o(.ARM.Collect$$libinit$$00000002)
    __rt_lib_init_heap_1                     0x08000233   Thumb Code     0  libinit2.o(.ARM.Collect$$libinit$$0000000A)
    __rt_lib_init_lc_common                  0x08000233   Thumb Code     0  libinit2.o(.ARM.Collect$$libinit$$0000000F)
    __rt_lib_init_preinit_1                  0x08000233   Thumb Code     0  libinit2.o(.ARM.Collect$$libinit$$00000004)
    __rt_lib_init_rand_1                     0x08000233   Thumb Code     0  libinit2.o(.ARM.Collect$$libinit$$0000000E)
    __rt_lib_init_user_alloc_1               0x08000233   Thumb Code     0  libinit2.o(.ARM.Collect$$libinit$$0000000C)
    __rt_lib_init_lc_collate_1               0x08000239   Thumb Code     0  libinit2.o(.ARM.Collect$$libinit$$00000011)
    __rt_lib_init_lc_ctype_2                 0x08000239   Thumb Code     0  libinit2.o(.ARM.Collect$$libinit$$00000012)
    __rt_lib_init_lc_ctype_1                 0x08000245   Thumb Code     0  libinit2.o(.ARM.Collect$$libinit$$00000013)
    __rt_lib_init_lc_monetary_1              0x08000245   Thumb Code     0  libinit2.o(.ARM.Collect$$libinit$$00000015)
    __rt_lib_init_lc_numeric_2               0x08000245   Thumb Code     0  libinit2.o(.ARM.Collect$$libinit$$00000016)
    __rt_lib_init_alloca_1                   0x0800024f   Thumb Code     0  libinit2.o(.ARM.Collect$$libinit$$0000002E)
    __rt_lib_init_argv_1                     0x0800024f   Thumb Code     0  libinit2.o(.ARM.Collect$$libinit$$0000002C)
    __rt_lib_init_atexit_1                   0x0800024f   Thumb Code     0  libinit2.o(.ARM.Collect$$libinit$$0000001B)
    __rt_lib_init_clock_1                    0x0800024f   Thumb Code     0  libinit2.o(.ARM.Collect$$libinit$$00000021)
    __rt_lib_init_cpp_1                      0x0800024f   Thumb Code     0  libinit2.o(.ARM.Collect$$libinit$$00000032)
    __rt_lib_init_exceptions_1               0x0800024f   Thumb Code     0  libinit2.o(.ARM.Collect$$libinit$$00000030)
    __rt_lib_init_fp_trap_1                  0x0800024f   Thumb Code     0  libinit2.o(.ARM.Collect$$libinit$$0000001F)
    __rt_lib_init_getenv_1                   0x0800024f   Thumb Code     0  libinit2.o(.ARM.Collect$$libinit$$00000023)
    __rt_lib_init_lc_numeric_1               0x0800024f   Thumb Code     0  libinit2.o(.ARM.Collect$$libinit$$00000017)
    __rt_lib_init_lc_time_1                  0x0800024f   Thumb Code     0  libinit2.o(.ARM.Collect$$libinit$$00000019)
    __rt_lib_init_return                     0x0800024f   Thumb Code     0  libinit2.o(.ARM.Collect$$libinit$$00000033)
    __rt_lib_init_signal_1                   0x0800024f   Thumb Code     0  libinit2.o(.ARM.Collect$$libinit$$0000001D)
    __rt_lib_init_stdio_1                    0x0800024f   Thumb Code     0  libinit2.o(.ARM.Collect$$libinit$$00000025)
    __rt_lib_shutdown                        0x08000251   Thumb Code     0  libshutdown.o(.ARM.Collect$$libshutdown$$00000000)
    __rt_lib_shutdown_cpp_1                  0x08000253   Thumb Code     0  libshutdown2.o(.ARM.Collect$$libshutdown$$00000002)
    __rt_lib_shutdown_fp_trap_1              0x08000253   Thumb Code     0  libshutdown2.o(.ARM.Collect$$libshutdown$$00000007)
    __rt_lib_shutdown_heap_1                 0x08000253   Thumb Code     0  libshutdown2.o(.ARM.Collect$$libshutdown$$0000000F)
    __rt_lib_shutdown_return                 0x08000253   Thumb Code     0  libshutdown2.o(.ARM.Collect$$libshutdown$$00000010)
    __rt_lib_shutdown_signal_1               0x08000253   Thumb Code     0  libshutdown2.o(.ARM.Collect$$libshutdown$$0000000A)
    __rt_lib_shutdown_stdio_1                0x08000253   Thumb Code     0  libshutdown2.o(.ARM.Collect$$libshutdown$$00000004)
    __rt_lib_shutdown_user_alloc_1           0x08000253   Thumb Code     0  libshutdown2.o(.ARM.Collect$$libshutdown$$0000000C)
    __rt_entry                               0x08000255   Thumb Code     0  __rtentry.o(.ARM.Collect$$rtentry$$00000000)
    __rt_entry_presh_1                       0x08000255   Thumb Code     0  __rtentry2.o(.ARM.Collect$$rtentry$$00000002)
    __rt_entry_sh                            0x08000255   Thumb Code     0  __rtentry4.o(.ARM.Collect$$rtentry$$00000004)
    __rt_entry_li                            0x0800025b   Thumb Code     0  __rtentry2.o(.ARM.Collect$$rtentry$$0000000A)
    __rt_entry_postsh_1                      0x0800025b   Thumb Code     0  __rtentry2.o(.ARM.Collect$$rtentry$$00000009)
    __rt_entry_main                          0x0800025f   Thumb Code     0  __rtentry2.o(.ARM.Collect$$rtentry$$0000000D)
    __rt_entry_postli_1                      0x0800025f   Thumb Code     0  __rtentry2.o(.ARM.Collect$$rtentry$$0000000C)
    __rt_exit                                0x08000267   Thumb Code     0  rtexit.o(.ARM.Collect$$rtexit$$00000000)
    __rt_exit_ls                             0x08000269   Thumb Code     0  rtexit2.o(.ARM.Collect$$rtexit$$00000003)
    __rt_exit_prels_1                        0x08000269   Thumb Code     0  rtexit2.o(.ARM.Collect$$rtexit$$00000002)
    __rt_exit_exit                           0x0800026d   Thumb Code     0  rtexit2.o(.ARM.Collect$$rtexit$$00000004)
    GUI_DrawPoint                            0x08000275   Thumb Code    24  gui.o(.text)
    LCD_Fill                                 0x0800028d   Thumb Code   110  gui.o(.text)
    LCD_DrawLine                             0x080002fb   Thumb Code   176  gui.o(.text)
    LCD_DrawRectangle                        0x080003ab   Thumb Code    64  gui.o(.text)
    LCD_DrawFillRectangle                    0x080003eb   Thumb Code    30  gui.o(.text)
    _draw_circle_8                           0x08000409   Thumb Code   132  gui.o(.text)
    gui_circle                               0x0800048d   Thumb Code   154  gui.o(.text)
    Draw_Triangel                            0x08000527   Thumb Code    56  gui.o(.text)
    Fill_Triangel                            0x08000569   Thumb Code   532  gui.o(.text)
    LCD_ShowChar                             0x0800077d   Thumb Code   276  gui.o(.text)
    LCD_ShowString                           0x08000891   Thumb Code    94  gui.o(.text)
    mypow                                    0x080008ef   Thumb Code    22  gui.o(.text)
    LCD_ShowNum                              0x08000905   Thumb Code   168  gui.o(.text)
    GUI_DrawFont16                           0x080009ad   Thumb Code   252  gui.o(.text)
    GUI_DrawFont24                           0x08000aa9   Thumb Code   298  gui.o(.text)
    GUI_DrawFont32                           0x08000bd3   Thumb Code   252  gui.o(.text)
    Show_Str                                 0x08000ccf   Thumb Code   264  gui.o(.text)
    Gui_StrCenter                            0x08000dd7   Thumb Code    60  gui.o(.text)
    Gui_Drawbmp16                            0x08000e13   Thumb Code    90  gui.o(.text)
    scan_page                                0x08000e7d   Thumb Code  2096  main.o(.text)
    num_page                                 0x080016ad   Thumb Code  1320  main.o(.text)
    time_page                                0x08001bd5   Thumb Code  1324  main.o(.text)
    buy_page                                 0x08002101   Thumb Code  3104  main.o(.text)
    main_page                                0x08002d21   Thumb Code   516  main.o(.text)
    quit_page                                0x08002f25   Thumb Code   276  main.o(.text)
    sure_page                                0x08003039   Thumb Code   344  main.o(.text)
    money_page                               0x08003191   Thumb Code  1020  main.o(.text)
    InitializeSystem                         0x0800358d   Thumb Code    96  main.o(.text)
    main                                     0x080035ed   Thumb Code   160  main.o(.text)
    NMI_Handler                              0x0800368d   Thumb Code     2  stm32f10x_it.o(.text)
    HardFault_Handler                        0x0800368f   Thumb Code     4  stm32f10x_it.o(.text)
    MemManage_Handler                        0x08003693   Thumb Code     4  stm32f10x_it.o(.text)
    BusFault_Handler                         0x08003697   Thumb Code     4  stm32f10x_it.o(.text)
    UsageFault_Handler                       0x0800369b   Thumb Code     4  stm32f10x_it.o(.text)
    SVC_Handler                              0x0800369f   Thumb Code     2  stm32f10x_it.o(.text)
    DebugMon_Handler                         0x080036a1   Thumb Code     2  stm32f10x_it.o(.text)
    PendSV_Handler                           0x080036a3   Thumb Code     2  stm32f10x_it.o(.text)
    SysTick_Handler                          0x080036a5   Thumb Code     2  stm32f10x_it.o(.text)
    SystemInit                               0x08003787   Thumb Code    78  system_stm32f10x.o(.text)
    SystemCoreClockUpdate                    0x080037d5   Thumb Code   142  system_stm32f10x.o(.text)
    LCD_WR_REG                               0x08003889   Thumb Code    36  lcd.o(.text)
    LCD_WR_DATA                              0x080038ad   Thumb Code    38  lcd.o(.text)
    LCD_WriteReg                             0x080038d3   Thumb Code    20  lcd.o(.text)
    LCD_WriteRAM_Prepare                     0x080038e7   Thumb Code    12  lcd.o(.text)
    Lcd_WriteData_16Bit                      0x080038f3   Thumb Code    34  lcd.o(.text)
    LCD_SetWindows                           0x08003915   Thumb Code    84  lcd.o(.text)
    LCD_SetCursor                            0x08003969   Thumb Code    20  lcd.o(.text)
    LCD_DrawPoint                            0x0800397d   Thumb Code    24  lcd.o(.text)
    LCD_Clear                                0x08003995   Thumb Code    88  lcd.o(.text)
    LCD_GPIOInit                             0x080039ed   Thumb Code    42  lcd.o(.text)
    LCD_RESET                                0x08003a17   Thumb Code    34  lcd.o(.text)
    LCD_direction                            0x08003a39   Thumb Code   136  lcd.o(.text)
    LCD_Init                                 0x08003ac1   Thumb Code   492  lcd.o(.text)
    AT24CXX_Init                             0x08003cb1   Thumb Code     8  24cxx.o(.text)
    AT24CXX_ReadOneByte                      0x08003cb9   Thumb Code    88  24cxx.o(.text)
    AT24CXX_WriteOneByte                     0x08003d11   Thumb Code    80  24cxx.o(.text)
    AT24CXX_WriteLenByte                     0x08003d61   Thumb Code    42  24cxx.o(.text)
    AT24CXX_ReadLenByte                      0x08003d8b   Thumb Code    44  24cxx.o(.text)
    AT24CXX_Check                            0x08003db7   Thumb Code    46  24cxx.o(.text)
    AT24CXX_Read                             0x08003de5   Thumb Code    34  24cxx.o(.text)
    AT24CXX_Write                            0x08003e07   Thumb Code    36  24cxx.o(.text)
    TP_Write_Byte                            0x08003e2d   Thumb Code    56  touch.o(.text)
    TP_Read_AD                               0x08003e65   Thumb Code   132  touch.o(.text)
    TP_Read_XOY                              0x08003ee9   Thumb Code   120  touch.o(.text)
    TP_Read_XY                               0x08003f61   Thumb Code    38  touch.o(.text)
    TP_Read_XY2                              0x08003f87   Thumb Code   192  touch.o(.text)
    TP_Drow_Touch_Point                      0x08004047   Thumb Code   116  touch.o(.text)
    TP_Draw_Big_Point                        0x080040bb   Thumb Code    54  touch.o(.text)
    TP_Scan                                  0x080040f1   Thumb Code   246  touch.o(.text)
    TP_Save_Adjdata                          0x080041e7   Thumb Code   148  touch.o(.text)
    TP_Get_Adjdata                           0x0800427b   Thumb Code   152  touch.o(.text)
    TP_Adj_Info_Show                         0x08004313   Thumb Code   322  touch.o(.text)
    TP_Adjust                                0x08004455   Thumb Code  2242  touch.o(.text)
    TP_Init                                  0x08004d17   Thumb Code   106  touch.o(.text)
    SPI_WriteByte                            0x08004dc5   Thumb Code    34  spi.o(.text)
    SPI_SetSpeed                             0x08004de7   Thumb Code    38  spi.o(.text)
    SPI2_Init                                0x08004e0d   Thumb Code   148  spi.o(.text)
    IIC_Init                                 0x08004ea9   Thumb Code    46  myiic.o(.text)
    IIC_Start                                0x08004ed7   Thumb Code    64  myiic.o(.text)
    IIC_Stop                                 0x08004f17   Thumb Code    66  myiic.o(.text)
    IIC_Wait_Ack                             0x08004f59   Thumb Code    86  myiic.o(.text)
    IIC_Ack                                  0x08004faf   Thumb Code    70  myiic.o(.text)
    IIC_NAck                                 0x08004ff5   Thumb Code    70  myiic.o(.text)
    IIC_Send_Byte                            0x0800503b   Thumb Code    92  myiic.o(.text)
    IIC_Read_Byte                            0x08005097   Thumb Code   100  myiic.o(.text)
    LED_Init                                 0x08005109   Thumb Code    50  led.o(.text)
    UART1_Init                               0x08005141   Thumb Code   118  bsp_usart.o(.text)
    UART3_Init                               0x080051b7   Thumb Code   118  bsp_usart.o(.text)
    _sys_exit                                0x0800522d   Thumb Code     4  bsp_usart.o(.text)
    fputc                                    0x08005231   Thumb Code    32  bsp_usart.o(.text)
    fgetc                                    0x08005251   Thumb Code    26  bsp_usart.o(.text)
    u1_printf                                0x0800526b   Thumb Code    84  bsp_usart.o(.text)
    u3_printf                                0x080052bf   Thumb Code    84  bsp_usart.o(.text)
    uart_send_instruction                    0x0800532d   Thumb Code    34  loader.o(.text)
    Wifi_Start                               0x0800534f   Thumb Code    90  loader.o(.text)
    Wifi_SendBuffer                          0x080053a9   Thumb Code    28  loader.o(.text)
    Wifi_SendString                          0x080053c5   Thumb Code    34  loader.o(.text)
    RC522_Init                               0x0800552d   Thumb Code    24  rc522_config.o(.text)
    SPI_RC522_SendByte                       0x0800554d   Thumb Code    80  rc522_function.o(.text)
    SPI_RC522_ReadByte                       0x0800559d   Thumb Code    72  rc522_function.o(.text)
    ReadRawRC                                0x080055e5   Thumb Code    46  rc522_function.o(.text)
    WriteRawRC                               0x08005613   Thumb Code    42  rc522_function.o(.text)
    SetBitMask                               0x0800563d   Thumb Code    26  rc522_function.o(.text)
    ClearBitMask                             0x08005657   Thumb Code    26  rc522_function.o(.text)
    PcdAntennaOn                             0x08005671   Thumb Code    26  rc522_function.o(.text)
    PcdAntennaOff                            0x0800568b   Thumb Code    12  rc522_function.o(.text)
    PcdReset                                 0x08005697   Thumb Code   124  rc522_function.o(.text)
    M500PcdConfigISOType                     0x08005713   Thumb Code    84  rc522_function.o(.text)
    PcdComMF522                              0x08005767   Thumb Code   306  rc522_function.o(.text)
    PcdRequest                               0x08005899   Thumb Code    86  rc522_function.o(.text)
    PcdAnticoll                              0x080058ef   Thumb Code   124  rc522_function.o(.text)
    CalulateCRC                              0x0800596b   Thumb Code   108  rc522_function.o(.text)
    PcdSelect                                0x080059d7   Thumb Code   114  rc522_function.o(.text)
    PcdAuthState                             0x08005a49   Thumb Code   112  rc522_function.o(.text)
    PcdWrite                                 0x08005ab9   Thumb Code   152  rc522_function.o(.text)
    PcdRead                                  0x08005b51   Thumb Code    86  rc522_function.o(.text)
    IsDataBlock                              0x08005ba7   Thumb Code    50  rc522_function.o(.text)
    PcdWriteString                           0x08005bd9   Thumb Code    28  rc522_function.o(.text)
    PcdReadString                            0x08005bf5   Thumb Code    28  rc522_function.o(.text)
    PcdHalt                                  0x08005c11   Thumb Code    50  rc522_function.o(.text)
    WriteAmount                              0x08005c43   Thumb Code   126  rc522_function.o(.text)
    ReadAmount                               0x08005cc1   Thumb Code   128  rc522_function.o(.text)
    ChangeKeyA                               0x08005d41   Thumb Code   168  rc522_function.o(.text)
    WriteDataBlock                           0x08005de9   Thumb Code   160  rc522_function.o(.text)
    ReadDataBlock                            0x08005e89   Thumb Code   124  rc522_function.o(.text)
    TIM3_Int_Init                            0x08006011   Thumb Code    90  timer.o(.text)
    TIM3_IRQHandler                          0x0800606b   Thumb Code   108  timer.o(.text)
    Reset_Handler                            0x080060e5   Thumb Code     8  startup_stm32f10x_md.o(.text)
    ADC1_2_IRQHandler                        0x080060ff   Thumb Code     0  startup_stm32f10x_md.o(.text)
    CAN1_RX1_IRQHandler                      0x080060ff   Thumb Code     0  startup_stm32f10x_md.o(.text)
    CAN1_SCE_IRQHandler                      0x080060ff   Thumb Code     0  startup_stm32f10x_md.o(.text)
    DMA1_Channel1_IRQHandler                 0x080060ff   Thumb Code     0  startup_stm32f10x_md.o(.text)
    DMA1_Channel2_IRQHandler                 0x080060ff   Thumb Code     0  startup_stm32f10x_md.o(.text)
    DMA1_Channel3_IRQHandler                 0x080060ff   Thumb Code     0  startup_stm32f10x_md.o(.text)
    DMA1_Channel4_IRQHandler                 0x080060ff   Thumb Code     0  startup_stm32f10x_md.o(.text)
    DMA1_Channel5_IRQHandler                 0x080060ff   Thumb Code     0  startup_stm32f10x_md.o(.text)
    DMA1_Channel6_IRQHandler                 0x080060ff   Thumb Code     0  startup_stm32f10x_md.o(.text)
    DMA1_Channel7_IRQHandler                 0x080060ff   Thumb Code     0  startup_stm32f10x_md.o(.text)
    EXTI0_IRQHandler                         0x080060ff   Thumb Code     0  startup_stm32f10x_md.o(.text)
    EXTI15_10_IRQHandler                     0x080060ff   Thumb Code     0  startup_stm32f10x_md.o(.text)
    EXTI1_IRQHandler                         0x080060ff   Thumb Code     0  startup_stm32f10x_md.o(.text)
    EXTI2_IRQHandler                         0x080060ff   Thumb Code     0  startup_stm32f10x_md.o(.text)
    EXTI3_IRQHandler                         0x080060ff   Thumb Code     0  startup_stm32f10x_md.o(.text)
    EXTI4_IRQHandler                         0x080060ff   Thumb Code     0  startup_stm32f10x_md.o(.text)
    EXTI9_5_IRQHandler                       0x080060ff   Thumb Code     0  startup_stm32f10x_md.o(.text)
    FLASH_IRQHandler                         0x080060ff   Thumb Code     0  startup_stm32f10x_md.o(.text)
    I2C1_ER_IRQHandler                       0x080060ff   Thumb Code     0  startup_stm32f10x_md.o(.text)
    I2C1_EV_IRQHandler                       0x080060ff   Thumb Code     0  startup_stm32f10x_md.o(.text)
    I2C2_ER_IRQHandler                       0x080060ff   Thumb Code     0  startup_stm32f10x_md.o(.text)
    I2C2_EV_IRQHandler                       0x080060ff   Thumb Code     0  startup_stm32f10x_md.o(.text)
    PVD_IRQHandler                           0x080060ff   Thumb Code     0  startup_stm32f10x_md.o(.text)
    RCC_IRQHandler                           0x080060ff   Thumb Code     0  startup_stm32f10x_md.o(.text)
    RTCAlarm_IRQHandler                      0x080060ff   Thumb Code     0  startup_stm32f10x_md.o(.text)
    RTC_IRQHandler                           0x080060ff   Thumb Code     0  startup_stm32f10x_md.o(.text)
    SPI1_IRQHandler                          0x080060ff   Thumb Code     0  startup_stm32f10x_md.o(.text)
    SPI2_IRQHandler                          0x080060ff   Thumb Code     0  startup_stm32f10x_md.o(.text)
    TAMPER_IRQHandler                        0x080060ff   Thumb Code     0  startup_stm32f10x_md.o(.text)
    TIM1_BRK_IRQHandler                      0x080060ff   Thumb Code     0  startup_stm32f10x_md.o(.text)
    TIM1_CC_IRQHandler                       0x080060ff   Thumb Code     0  startup_stm32f10x_md.o(.text)
    TIM1_TRG_COM_IRQHandler                  0x080060ff   Thumb Code     0  startup_stm32f10x_md.o(.text)
    TIM1_UP_IRQHandler                       0x080060ff   Thumb Code     0  startup_stm32f10x_md.o(.text)
    TIM2_IRQHandler                          0x080060ff   Thumb Code     0  startup_stm32f10x_md.o(.text)
    TIM4_IRQHandler                          0x080060ff   Thumb Code     0  startup_stm32f10x_md.o(.text)
    USART1_IRQHandler                        0x080060ff   Thumb Code     0  startup_stm32f10x_md.o(.text)
    USART2_IRQHandler                        0x080060ff   Thumb Code     0  startup_stm32f10x_md.o(.text)
    USART3_IRQHandler                        0x080060ff   Thumb Code     0  startup_stm32f10x_md.o(.text)
    USBWakeUp_IRQHandler                     0x080060ff   Thumb Code     0  startup_stm32f10x_md.o(.text)
    USB_HP_CAN1_TX_IRQHandler                0x080060ff   Thumb Code     0  startup_stm32f10x_md.o(.text)
    USB_LP_CAN1_RX0_IRQHandler               0x080060ff   Thumb Code     0  startup_stm32f10x_md.o(.text)
    WWDG_IRQHandler                          0x080060ff   Thumb Code     0  startup_stm32f10x_md.o(.text)
    __user_initial_stackheap                 0x08006101   Thumb Code     0  startup_stm32f10x_md.o(.text)
    NVIC_PriorityGroupConfig                 0x08006125   Thumb Code    10  misc.o(.text)
    NVIC_Init                                0x0800612f   Thumb Code   100  misc.o(.text)
    NVIC_SetVectorTable                      0x08006193   Thumb Code    14  misc.o(.text)
    NVIC_SystemLPConfig                      0x080061a1   Thumb Code    34  misc.o(.text)
    SysTick_CLKSourceConfig                  0x080061c3   Thumb Code    40  misc.o(.text)
    GPIO_DeInit                              0x08006201   Thumb Code   172  stm32f10x_gpio.o(.text)
    GPIO_AFIODeInit                          0x080062ad   Thumb Code    20  stm32f10x_gpio.o(.text)
    GPIO_Init                                0x080062c1   Thumb Code   278  stm32f10x_gpio.o(.text)
    GPIO_StructInit                          0x080063d7   Thumb Code    16  stm32f10x_gpio.o(.text)
    GPIO_ReadInputDataBit                    0x080063e7   Thumb Code    18  stm32f10x_gpio.o(.text)
    GPIO_ReadInputData                       0x080063f9   Thumb Code     8  stm32f10x_gpio.o(.text)
    GPIO_ReadOutputDataBit                   0x08006401   Thumb Code    18  stm32f10x_gpio.o(.text)
    GPIO_ReadOutputData                      0x08006413   Thumb Code     8  stm32f10x_gpio.o(.text)
    GPIO_SetBits                             0x0800641b   Thumb Code     4  stm32f10x_gpio.o(.text)
    GPIO_ResetBits                           0x0800641f   Thumb Code     4  stm32f10x_gpio.o(.text)
    GPIO_WriteBit                            0x08006423   Thumb Code    10  stm32f10x_gpio.o(.text)
    GPIO_Write                               0x0800642d   Thumb Code     4  stm32f10x_gpio.o(.text)
    GPIO_PinLockConfig                       0x08006431   Thumb Code    18  stm32f10x_gpio.o(.text)
    GPIO_EventOutputConfig                   0x08006443   Thumb Code    26  stm32f10x_gpio.o(.text)
    GPIO_EventOutputCmd                      0x0800645d   Thumb Code     6  stm32f10x_gpio.o(.text)
    GPIO_PinRemapConfig                      0x08006463   Thumb Code   138  stm32f10x_gpio.o(.text)
    GPIO_EXTILineConfig                      0x080064ed   Thumb Code    66  stm32f10x_gpio.o(.text)
    GPIO_ETH_MediaInterfaceConfig            0x0800652f   Thumb Code     8  stm32f10x_gpio.o(.text)
    RCC_DeInit                               0x0800655d   Thumb Code    64  stm32f10x_rcc.o(.text)
    RCC_HSEConfig                            0x0800659d   Thumb Code    70  stm32f10x_rcc.o(.text)
    RCC_GetFlagStatus                        0x080065e3   Thumb Code    56  stm32f10x_rcc.o(.text)
    RCC_WaitForHSEStartUp                    0x0800661b   Thumb Code    56  stm32f10x_rcc.o(.text)
    RCC_AdjustHSICalibrationValue            0x08006653   Thumb Code    20  stm32f10x_rcc.o(.text)
    RCC_HSICmd                               0x08006667   Thumb Code     6  stm32f10x_rcc.o(.text)
    RCC_PLLConfig                            0x0800666d   Thumb Code    24  stm32f10x_rcc.o(.text)
    RCC_PLLCmd                               0x08006685   Thumb Code     6  stm32f10x_rcc.o(.text)
    RCC_SYSCLKConfig                         0x0800668b   Thumb Code    18  stm32f10x_rcc.o(.text)
    RCC_GetSYSCLKSource                      0x0800669d   Thumb Code    10  stm32f10x_rcc.o(.text)
    RCC_HCLKConfig                           0x080066a7   Thumb Code    18  stm32f10x_rcc.o(.text)
    RCC_PCLK1Config                          0x080066b9   Thumb Code    18  stm32f10x_rcc.o(.text)
    RCC_PCLK2Config                          0x080066cb   Thumb Code    20  stm32f10x_rcc.o(.text)
    RCC_ITConfig                             0x080066df   Thumb Code    26  stm32f10x_rcc.o(.text)
    RCC_USBCLKConfig                         0x080066f9   Thumb Code     8  stm32f10x_rcc.o(.text)
    RCC_ADCCLKConfig                         0x08006701   Thumb Code    18  stm32f10x_rcc.o(.text)
    RCC_LSEConfig                            0x08006713   Thumb Code    50  stm32f10x_rcc.o(.text)
    RCC_LSICmd                               0x08006745   Thumb Code     6  stm32f10x_rcc.o(.text)
    RCC_RTCCLKConfig                         0x0800674b   Thumb Code    12  stm32f10x_rcc.o(.text)
    RCC_RTCCLKCmd                            0x08006757   Thumb Code     8  stm32f10x_rcc.o(.text)
    RCC_GetClocksFreq                        0x0800675f   Thumb Code   192  stm32f10x_rcc.o(.text)
    RCC_AHBPeriphClockCmd                    0x0800681f   Thumb Code    26  stm32f10x_rcc.o(.text)
    RCC_APB2PeriphClockCmd                   0x08006839   Thumb Code    26  stm32f10x_rcc.o(.text)
    RCC_APB1PeriphClockCmd                   0x08006853   Thumb Code    26  stm32f10x_rcc.o(.text)
    RCC_APB2PeriphResetCmd                   0x0800686d   Thumb Code    26  stm32f10x_rcc.o(.text)
    RCC_APB1PeriphResetCmd                   0x08006887   Thumb Code    26  stm32f10x_rcc.o(.text)
    RCC_BackupResetCmd                       0x080068a1   Thumb Code     8  stm32f10x_rcc.o(.text)
    RCC_ClockSecuritySystemCmd               0x080068a9   Thumb Code     6  stm32f10x_rcc.o(.text)
    RCC_MCOConfig                            0x080068af   Thumb Code     6  stm32f10x_rcc.o(.text)
    RCC_ClearFlag                            0x080068b5   Thumb Code    14  stm32f10x_rcc.o(.text)
    RCC_GetITStatus                          0x080068c3   Thumb Code    20  stm32f10x_rcc.o(.text)
    RCC_ClearITPendingBit                    0x080068d7   Thumb Code     6  stm32f10x_rcc.o(.text)
    SPI_I2S_DeInit                           0x08006901   Thumb Code    76  stm32f10x_spi.o(.text)
    SPI_Init                                 0x0800694d   Thumb Code    60  stm32f10x_spi.o(.text)
    I2S_Init                                 0x08006989   Thumb Code   226  stm32f10x_spi.o(.text)
    SPI_StructInit                           0x08006a6b   Thumb Code    24  stm32f10x_spi.o(.text)
    I2S_StructInit                           0x08006a83   Thumb Code    20  stm32f10x_spi.o(.text)
    SPI_Cmd                                  0x08006a97   Thumb Code    24  stm32f10x_spi.o(.text)
    I2S_Cmd                                  0x08006aaf   Thumb Code    24  stm32f10x_spi.o(.text)
    SPI_I2S_ITConfig                         0x08006ac7   Thumb Code    32  stm32f10x_spi.o(.text)
    SPI_I2S_DMACmd                           0x08006ae7   Thumb Code    18  stm32f10x_spi.o(.text)
    SPI_I2S_SendData                         0x08006af9   Thumb Code     4  stm32f10x_spi.o(.text)
    SPI_I2S_ReceiveData                      0x08006afd   Thumb Code     6  stm32f10x_spi.o(.text)
    SPI_NSSInternalSoftwareConfig            0x08006b03   Thumb Code    30  stm32f10x_spi.o(.text)
    SPI_SSOutputCmd                          0x08006b21   Thumb Code    24  stm32f10x_spi.o(.text)
    SPI_DataSizeConfig                       0x08006b39   Thumb Code    18  stm32f10x_spi.o(.text)
    SPI_TransmitCRC                          0x08006b4b   Thumb Code    10  stm32f10x_spi.o(.text)
    SPI_CalculateCRC                         0x08006b55   Thumb Code    24  stm32f10x_spi.o(.text)
    SPI_GetCRC                               0x08006b6d   Thumb Code    16  stm32f10x_spi.o(.text)
    SPI_GetCRCPolynomial                     0x08006b7d   Thumb Code     6  stm32f10x_spi.o(.text)
    SPI_BiDirectionalLineConfig              0x08006b83   Thumb Code    28  stm32f10x_spi.o(.text)
    SPI_I2S_GetFlagStatus                    0x08006b9f   Thumb Code    18  stm32f10x_spi.o(.text)
    SPI_I2S_ClearFlag                        0x08006bb1   Thumb Code     6  stm32f10x_spi.o(.text)
    SPI_I2S_GetITStatus                      0x08006bb7   Thumb Code    52  stm32f10x_spi.o(.text)
    SPI_I2S_ClearITPendingBit                0x08006beb   Thumb Code    20  stm32f10x_spi.o(.text)
    USART_DeInit                             0x08006c0d   Thumb Code   134  stm32f10x_usart.o(.text)
    USART_Init                               0x08006c93   Thumb Code   210  stm32f10x_usart.o(.text)
    USART_StructInit                         0x08006d65   Thumb Code    24  stm32f10x_usart.o(.text)
    USART_ClockInit                          0x08006d7d   Thumb Code    34  stm32f10x_usart.o(.text)
    USART_ClockStructInit                    0x08006d9f   Thumb Code    12  stm32f10x_usart.o(.text)
    USART_Cmd                                0x08006dab   Thumb Code    24  stm32f10x_usart.o(.text)
    USART_ITConfig                           0x08006dc3   Thumb Code    74  stm32f10x_usart.o(.text)
    USART_DMACmd                             0x08006e0d   Thumb Code    18  stm32f10x_usart.o(.text)
    USART_SetAddress                         0x08006e1f   Thumb Code    18  stm32f10x_usart.o(.text)
    USART_WakeUpConfig                       0x08006e31   Thumb Code    18  stm32f10x_usart.o(.text)
    USART_ReceiverWakeUpCmd                  0x08006e43   Thumb Code    24  stm32f10x_usart.o(.text)
    USART_LINBreakDetectLengthConfig         0x08006e5b   Thumb Code    18  stm32f10x_usart.o(.text)
    USART_LINCmd                             0x08006e6d   Thumb Code    24  stm32f10x_usart.o(.text)
    USART_SendData                           0x08006e85   Thumb Code     8  stm32f10x_usart.o(.text)
    USART_ReceiveData                        0x08006e8d   Thumb Code    10  stm32f10x_usart.o(.text)
    USART_SendBreak                          0x08006e97   Thumb Code    10  stm32f10x_usart.o(.text)
    USART_SetGuardTime                       0x08006ea1   Thumb Code    16  stm32f10x_usart.o(.text)
    USART_SetPrescaler                       0x08006eb1   Thumb Code    16  stm32f10x_usart.o(.text)
    USART_SmartCardCmd                       0x08006ec1   Thumb Code    24  stm32f10x_usart.o(.text)
    USART_SmartCardNACKCmd                   0x08006ed9   Thumb Code    24  stm32f10x_usart.o(.text)
    USART_HalfDuplexCmd                      0x08006ef1   Thumb Code    24  stm32f10x_usart.o(.text)
    USART_OverSampling8Cmd                   0x08006f09   Thumb Code    22  stm32f10x_usart.o(.text)
    USART_OneBitMethodCmd                    0x08006f1f   Thumb Code    24  stm32f10x_usart.o(.text)
    USART_IrDAConfig                         0x08006f37   Thumb Code    18  stm32f10x_usart.o(.text)
    USART_IrDACmd                            0x08006f49   Thumb Code    24  stm32f10x_usart.o(.text)
    USART_GetFlagStatus                      0x08006f61   Thumb Code    26  stm32f10x_usart.o(.text)
    USART_ClearFlag                          0x08006f7b   Thumb Code    18  stm32f10x_usart.o(.text)
    USART_GetITStatus                        0x08006f8d   Thumb Code    84  stm32f10x_usart.o(.text)
    USART_ClearITPendingBit                  0x08006fe1   Thumb Code    52  stm32f10x_usart.o(.text)
    TIM_DeInit                               0x08007015   Thumb Code   424  stm32f10x_tim.o(.text)
    TIM_TimeBaseInit                         0x080071bd   Thumb Code   122  stm32f10x_tim.o(.text)
    TIM_OC1Init                              0x08007237   Thumb Code   132  stm32f10x_tim.o(.text)
    TIM_OC2Init                              0x080072bb   Thumb Code   154  stm32f10x_tim.o(.text)
    TIM_OC3Init                              0x08007355   Thumb Code   150  stm32f10x_tim.o(.text)
    TIM_OC4Init                              0x080073eb   Thumb Code   182  stm32f10x_tim.o(.text)
    TIM_SetIC4Prescaler                      0x080074a1   Thumb Code    26  stm32f10x_tim.o(.text)
    TIM_SetIC3Prescaler                      0x0800753d   Thumb Code    18  stm32f10x_tim.o(.text)
    TIM_SetIC2Prescaler                      0x080075c9   Thumb Code    26  stm32f10x_tim.o(.text)
    TIM_SetIC1Prescaler                      0x08007665   Thumb Code    18  stm32f10x_tim.o(.text)
    TIM_ICInit                               0x080076e3   Thumb Code   150  stm32f10x_tim.o(.text)
    TIM_PWMIConfig                           0x08007779   Thumb Code   124  stm32f10x_tim.o(.text)
    TIM_BDTRConfig                           0x080077f5   Thumb Code    32  stm32f10x_tim.o(.text)
    TIM_TimeBaseStructInit                   0x08007815   Thumb Code    18  stm32f10x_tim.o(.text)
    TIM_OCStructInit                         0x08007827   Thumb Code    20  stm32f10x_tim.o(.text)
    TIM_ICStructInit                         0x0800783b   Thumb Code    18  stm32f10x_tim.o(.text)
    TIM_BDTRStructInit                       0x0800784d   Thumb Code    40  stm32f10x_tim.o(.text)
    TIM_Cmd                                  0x08007875   Thumb Code    24  stm32f10x_tim.o(.text)
    TIM_CtrlPWMOutputs                       0x0800788d   Thumb Code    30  stm32f10x_tim.o(.text)
    TIM_ITConfig                             0x080078ab   Thumb Code    18  stm32f10x_tim.o(.text)
    TIM_GenerateEvent                        0x080078bd   Thumb Code     4  stm32f10x_tim.o(.text)
    TIM_DMAConfig                            0x080078c1   Thumb Code    10  stm32f10x_tim.o(.text)
    TIM_DMACmd                               0x080078cb   Thumb Code    18  stm32f10x_tim.o(.text)
    TIM_InternalClockConfig                  0x080078dd   Thumb Code    12  stm32f10x_tim.o(.text)
    TIM_SelectInputTrigger                   0x080078e9   Thumb Code    18  stm32f10x_tim.o(.text)
    TIM_ITRxExternalClockConfig              0x080078fb   Thumb Code    24  stm32f10x_tim.o(.text)
    TIM_TIxExternalClockConfig               0x08007913   Thumb Code    62  stm32f10x_tim.o(.text)
    TIM_ETRConfig                            0x08007951   Thumb Code    28  stm32f10x_tim.o(.text)
    TIM_ETRClockMode1Config                  0x0800796d   Thumb Code    54  stm32f10x_tim.o(.text)
    TIM_ETRClockMode2Config                  0x080079a3   Thumb Code    32  stm32f10x_tim.o(.text)
    TIM_PrescalerConfig                      0x080079c3   Thumb Code     6  stm32f10x_tim.o(.text)
    TIM_CounterModeConfig                    0x080079c9   Thumb Code    18  stm32f10x_tim.o(.text)
    TIM_EncoderInterfaceConfig               0x080079db   Thumb Code    66  stm32f10x_tim.o(.text)
    TIM_ForcedOC1Config                      0x08007a1d   Thumb Code    18  stm32f10x_tim.o(.text)
    TIM_ForcedOC2Config                      0x08007a2f   Thumb Code    26  stm32f10x_tim.o(.text)
    TIM_ForcedOC3Config                      0x08007a49   Thumb Code    18  stm32f10x_tim.o(.text)
    TIM_ForcedOC4Config                      0x08007a5b   Thumb Code    26  stm32f10x_tim.o(.text)
    TIM_ARRPreloadConfig                     0x08007a75   Thumb Code    24  stm32f10x_tim.o(.text)
    TIM_SelectCOM                            0x08007a8d   Thumb Code    24  stm32f10x_tim.o(.text)
    TIM_SelectCCDMA                          0x08007aa5   Thumb Code    24  stm32f10x_tim.o(.text)
    TIM_CCPreloadControl                     0x08007abd   Thumb Code    24  stm32f10x_tim.o(.text)
    TIM_OC1PreloadConfig                     0x08007ad5   Thumb Code    18  stm32f10x_tim.o(.text)
    TIM_OC2PreloadConfig                     0x08007ae7   Thumb Code    26  stm32f10x_tim.o(.text)
    TIM_OC3PreloadConfig                     0x08007b01   Thumb Code    18  stm32f10x_tim.o(.text)
    TIM_OC4PreloadConfig                     0x08007b13   Thumb Code    26  stm32f10x_tim.o(.text)
    TIM_OC1FastConfig                        0x08007b2d   Thumb Code    18  stm32f10x_tim.o(.text)
    TIM_OC2FastConfig                        0x08007b3f   Thumb Code    26  stm32f10x_tim.o(.text)
    TIM_OC3FastConfig                        0x08007b59   Thumb Code    18  stm32f10x_tim.o(.text)
    TIM_OC4FastConfig                        0x08007b6b   Thumb Code    26  stm32f10x_tim.o(.text)
    TIM_ClearOC1Ref                          0x08007b85   Thumb Code    18  stm32f10x_tim.o(.text)
    TIM_ClearOC2Ref                          0x08007b97   Thumb Code    24  stm32f10x_tim.o(.text)
    TIM_ClearOC3Ref                          0x08007baf   Thumb Code    18  stm32f10x_tim.o(.text)
    TIM_ClearOC4Ref                          0x08007bc1   Thumb Code    24  stm32f10x_tim.o(.text)
    TIM_OC1PolarityConfig                    0x08007bd9   Thumb Code    18  stm32f10x_tim.o(.text)
    TIM_OC1NPolarityConfig                   0x08007beb   Thumb Code    18  stm32f10x_tim.o(.text)
    TIM_OC2PolarityConfig                    0x08007bfd   Thumb Code    26  stm32f10x_tim.o(.text)
    TIM_OC2NPolarityConfig                   0x08007c17   Thumb Code    26  stm32f10x_tim.o(.text)
    TIM_OC3PolarityConfig                    0x08007c31   Thumb Code    26  stm32f10x_tim.o(.text)
    TIM_OC3NPolarityConfig                   0x08007c4b   Thumb Code    26  stm32f10x_tim.o(.text)
    TIM_OC4PolarityConfig                    0x08007c65   Thumb Code    26  stm32f10x_tim.o(.text)
    TIM_CCxCmd                               0x08007c7f   Thumb Code    30  stm32f10x_tim.o(.text)
    TIM_CCxNCmd                              0x08007c9d   Thumb Code    30  stm32f10x_tim.o(.text)
    TIM_SelectOCxM                           0x08007cbb   Thumb Code    82  stm32f10x_tim.o(.text)
    TIM_UpdateDisableConfig                  0x08007d0d   Thumb Code    24  stm32f10x_tim.o(.text)
    TIM_UpdateRequestConfig                  0x08007d25   Thumb Code    24  stm32f10x_tim.o(.text)
    TIM_SelectHallSensor                     0x08007d3d   Thumb Code    24  stm32f10x_tim.o(.text)
    TIM_SelectOnePulseMode                   0x08007d55   Thumb Code    18  stm32f10x_tim.o(.text)
    TIM_SelectOutputTrigger                  0x08007d67   Thumb Code    18  stm32f10x_tim.o(.text)
    TIM_SelectSlaveMode                      0x08007d79   Thumb Code    18  stm32f10x_tim.o(.text)
    TIM_SelectMasterSlaveMode                0x08007d8b   Thumb Code    18  stm32f10x_tim.o(.text)
    TIM_SetCounter                           0x08007d9d   Thumb Code     4  stm32f10x_tim.o(.text)
    TIM_SetAutoreload                        0x08007da1   Thumb Code     4  stm32f10x_tim.o(.text)
    TIM_SetCompare1                          0x08007da5   Thumb Code     4  stm32f10x_tim.o(.text)
    TIM_SetCompare2                          0x08007da9   Thumb Code     4  stm32f10x_tim.o(.text)
    TIM_SetCompare3                          0x08007dad   Thumb Code     4  stm32f10x_tim.o(.text)
    TIM_SetCompare4                          0x08007db1   Thumb Code     6  stm32f10x_tim.o(.text)
    TIM_SetClockDivision                     0x08007db7   Thumb Code    18  stm32f10x_tim.o(.text)
    TIM_GetCapture1                          0x08007dc9   Thumb Code     6  stm32f10x_tim.o(.text)
    TIM_GetCapture2                          0x08007dcf   Thumb Code     6  stm32f10x_tim.o(.text)
    TIM_GetCapture3                          0x08007dd5   Thumb Code     6  stm32f10x_tim.o(.text)
    TIM_GetCapture4                          0x08007ddb   Thumb Code     8  stm32f10x_tim.o(.text)
    TIM_GetCounter                           0x08007de3   Thumb Code     6  stm32f10x_tim.o(.text)
    TIM_GetPrescaler                         0x08007de9   Thumb Code     6  stm32f10x_tim.o(.text)
    TIM_GetFlagStatus                        0x08007def   Thumb Code    18  stm32f10x_tim.o(.text)
    TIM_ClearFlag                            0x08007e01   Thumb Code     6  stm32f10x_tim.o(.text)
    TIM_GetITStatus                          0x08007e07   Thumb Code    34  stm32f10x_tim.o(.text)
    TIM_ClearITPendingBit                    0x08007e29   Thumb Code     6  stm32f10x_tim.o(.text)
    delay_init                               0x08007e31   Thumb Code    52  delay.o(.text)
    delay_ms                                 0x08007e65   Thumb Code    56  delay.o(.text)
    delay_us                                 0x08007e9d   Thumb Code    56  delay.o(.text)
    __c89vsprintf                            0x08007edd   Thumb Code    32  c89vsprintf.o(.text)
    __2printf                                0x08007f01   Thumb Code    20  __2printf.o(.text)
    __2sprintf                               0x08007f19   Thumb Code    38  __2sprintf.o(.text)
    _printf_str                              0x08007f45   Thumb Code    82  _printf_str.o(.text)
    __printf                                 0x08007f99   Thumb Code   388  __printf_flags_ss_wp.o(.text)
    strlen                                   0x08008121   Thumb Code    62  strlen.o(.text)
    __aeabi_memcpy4                          0x0800815f   Thumb Code     0  rt_memcpy_w.o(.text)
    __aeabi_memcpy8                          0x0800815f   Thumb Code     0  rt_memcpy_w.o(.text)
    __rt_memcpy_w                            0x0800815f   Thumb Code   100  rt_memcpy_w.o(.text)
    _memcpy_lastbytes_aligned                0x080081a7   Thumb Code     0  rt_memcpy_w.o(.text)
    __use_two_region_memory                  0x080081c3   Thumb Code     2  heapauxi.o(.text)
    __rt_heap_escrow$2region                 0x080081c5   Thumb Code     2  heapauxi.o(.text)
    __rt_heap_expand$2region                 0x080081c7   Thumb Code     2  heapauxi.o(.text)
    __read_errno                             0x080081c9   Thumb Code    10  _rserrno.o(.text)
    __set_errno                              0x080081d3   Thumb Code    12  _rserrno.o(.text)
    _printf_pre_padding                      0x080081df   Thumb Code    44  _printf_pad.o(.text)
    _printf_post_padding                     0x0800820b   Thumb Code    34  _printf_pad.o(.text)
    _printf_truncate_signed                  0x0800822d   Thumb Code    18  _printf_truncate.o(.text)
    _printf_truncate_unsigned                0x0800823f   Thumb Code    18  _printf_truncate.o(.text)
    _printf_int_dec                          0x08008251   Thumb Code   104  _printf_dec.o(.text)
    _printf_charcount                        0x080082c9   Thumb Code    40  _printf_charcount.o(.text)
    _printf_char_common                      0x080082fb   Thumb Code    32  _printf_char_common.o(.text)
    _sputc                                   0x08008321   Thumb Code    10  _sputc.o(.text)
    _printf_cs_common                        0x0800832b   Thumb Code    20  _printf_char.o(.text)
    _printf_char                             0x0800833f   Thumb Code    16  _printf_char.o(.text)
    _printf_string                           0x0800834f   Thumb Code     8  _printf_char.o(.text)
    _printf_char_file                        0x08008359   Thumb Code    32  _printf_char_file.o(.text)
    _printf_wctomb                           0x0800837d   Thumb Code   182  _printf_wctomb.o(.text)
    _printf_longlong_dec                     0x08008439   Thumb Code   108  _printf_longlong_dec.o(.text)
    _printf_longlong_oct                     0x080084b5   Thumb Code    68  _printf_oct_int_ll.o(.text)
    _printf_int_oct                          0x080084f9   Thumb Code    24  _printf_oct_int_ll.o(.text)
    _printf_ll_oct                           0x08008511   Thumb Code    12  _printf_oct_int_ll.o(.text)
    _printf_longlong_hex                     0x08008525   Thumb Code    86  _printf_hex_int_ll_ptr.o(.text)
    _printf_int_hex                          0x0800857b   Thumb Code    28  _printf_hex_int_ll_ptr.o(.text)
    _printf_ll_hex                           0x08008597   Thumb Code    12  _printf_hex_int_ll_ptr.o(.text)
    _printf_hex_ptr                          0x080085a3   Thumb Code    18  _printf_hex_int_ll_ptr.o(.text)
    __aeabi_errno_addr                       0x080085b9   Thumb Code     8  rt_errno_addr_intlibspace.o(.text)
    __errno$intlibspace                      0x080085b9   Thumb Code     0  rt_errno_addr_intlibspace.o(.text)
    __rt_errno_addr$intlibspace              0x080085b9   Thumb Code     0  rt_errno_addr_intlibspace.o(.text)
    _ll_udiv10                               0x080085c1   Thumb Code   138  lludiv10.o(.text)
    _printf_int_common                       0x0800864b   Thumb Code   178  _printf_intcommon.o(.text)
    __lib_sel_fp_printf                      0x080086fd   Thumb Code     2  _printf_fp_dec.o(.text)
    _printf_fp_dec_real                      0x080088ab   Thumb Code   620  _printf_fp_dec.o(.text)
    _printf_lcs_common                       0x08008b17   Thumb Code    20  _printf_wchar.o(.text)
    _printf_wchar                            0x08008b2b   Thumb Code    16  _printf_wchar.o(.text)
    _printf_wstring                          0x08008b3b   Thumb Code     8  _printf_wchar.o(.text)
    ferror                                   0x08008b43   Thumb Code     8  ferror.o(.text)
    _wcrtomb                                 0x08008b4b   Thumb Code    64  _wcrtomb.o(.text)
    __user_libspace                          0x08008b8d   Thumb Code     8  libspace.o(.text)
    __user_perproc_libspace                  0x08008b8d   Thumb Code     0  libspace.o(.text)
    __user_perthread_libspace                0x08008b8d   Thumb Code     0  libspace.o(.text)
    __user_setup_stackheap                   0x08008b95   Thumb Code    74  sys_stackheap_outer.o(.text)
    __rt_ctype_table                         0x08008be1   Thumb Code    16  rt_ctype_table.o(.text)
    __rt_locale                              0x08008bf1   Thumb Code     8  rt_locale_intlibspace.o(.text)
    _printf_fp_infnan                        0x08008bf9   Thumb Code   112  _printf_fp_infnan.o(.text)
    _btod_etento                             0x08008c79   Thumb Code   216  bigflt0.o(.text)
    exit                                     0x08008d55   Thumb Code    18  exit.o(.text)
    strcmp                                   0x08008d69   Thumb Code   128  strcmpv7m.o(.text)
    _btod_d2e                                0x08008de9   Thumb Code    62  btod.o(CL$$btod_d2e)
    _d2e_denorm_low                          0x08008e27   Thumb Code    70  btod.o(CL$$btod_d2e_denorm_low)
    _d2e_norm_op1                            0x08008e6d   Thumb Code    96  btod.o(CL$$btod_d2e_norm_op1)
    __btod_div_common                        0x08008ecd   Thumb Code   696  btod.o(CL$$btod_div_common)
    _e2e                                     0x08009205   Thumb Code   198  btod.o(CL$$btod_e2e)
    _btod_ediv                               0x080092cb   Thumb Code    40  btod.o(CL$$btod_ediv)
    _btod_emul                               0x080092f3   Thumb Code    40  btod.o(CL$$btod_emul)
    __btod_mult_common                       0x0800931b   Thumb Code   580  btod.o(CL$$btod_mult_common)
    __ARM_fpclassify                         0x0800955f   Thumb Code    40  fpclassify.o(i.__ARM_fpclassify)
    _is_digit                                0x08009587   Thumb Code    14  __printf_wp.o(i._is_digit)
    sqrt                                     0x08009595   Thumb Code    76  sqrt.o(i.sqrt)
    _get_lc_numeric                          0x080095e1   Thumb Code    44  lc_numeric_c.o(locale$$code)
    _get_lc_ctype                            0x0800960d   Thumb Code    44  lc_ctype_c.o(locale$$code)
    __fpl_dcmp_Inf                           0x08009639   Thumb Code    24  dcmpi.o(x$fpl$dcmpinf)
    __aeabi_d2uiz                            0x08009651   Thumb Code     0  dfixu.o(x$fpl$dfixu)
    _dfixu                                   0x08009651   Thumb Code    90  dfixu.o(x$fpl$dfixu)
    __aeabi_ui2d                             0x080096ab   Thumb Code     0  dflt_clz.o(x$fpl$dfltu)
    _dfltu                                   0x080096ab   Thumb Code    38  dflt_clz.o(x$fpl$dfltu)
    __aeabi_cdcmple                          0x080096d1   Thumb Code     0  dleqf.o(x$fpl$dleqf)
    _dcmple                                  0x080096d1   Thumb Code   120  dleqf.o(x$fpl$dleqf)
    __fpl_dcmple_InfNaN                      0x08009733   Thumb Code     0  dleqf.o(x$fpl$dleqf)
    __fpl_dnaninf                            0x08009749   Thumb Code   156  dnaninf.o(x$fpl$dnaninf)
    __fpl_dretinf                            0x080097e5   Thumb Code    12  dretinf.o(x$fpl$dretinf)
    __aeabi_cdrcmple                         0x080097f1   Thumb Code     0  drleqf.o(x$fpl$drleqf)
    _drcmple                                 0x080097f1   Thumb Code   108  drleqf.o(x$fpl$drleqf)
    _dsqrt                                   0x0800985d   Thumb Code   456  dsqrt_noumaal.o(x$fpl$dsqrt)
    __aeabi_f2d                              0x08009a29   Thumb Code     0  f2d.o(x$fpl$f2d)
    _f2d                                     0x08009a29   Thumb Code    86  f2d.o(x$fpl$f2d)
    __aeabi_fadd                             0x08009a81   Thumb Code     0  faddsub_clz.o(x$fpl$fadd)
    _fadd                                    0x08009a81   Thumb Code   196  faddsub_clz.o(x$fpl$fadd)
    __aeabi_fdiv                             0x08009b45   Thumb Code     0  fdiv.o(x$fpl$fdiv)
    _fdiv                                    0x08009b45   Thumb Code   384  fdiv.o(x$fpl$fdiv)
    __aeabi_f2iz                             0x08009cc9   Thumb Code     0  ffix.o(x$fpl$ffix)
    _ffix                                    0x08009cc9   Thumb Code    54  ffix.o(x$fpl$ffix)
    __aeabi_f2uiz                            0x08009d01   Thumb Code     0  ffixu.o(x$fpl$ffixu)
    _ffixu                                   0x08009d01   Thumb Code    62  ffixu.o(x$fpl$ffixu)
    __aeabi_i2f                              0x08009d41   Thumb Code     0  fflt_clz.o(x$fpl$fflt)
    _fflt                                    0x08009d41   Thumb Code    48  fflt_clz.o(x$fpl$fflt)
    __aeabi_ui2f                             0x08009d71   Thumb Code     0  fflt_clz.o(x$fpl$ffltu)
    _ffltu                                   0x08009d71   Thumb Code    38  fflt_clz.o(x$fpl$ffltu)
    __aeabi_fmul                             0x08009d99   Thumb Code     0  fmul.o(x$fpl$fmul)
    _fmul                                    0x08009d99   Thumb Code   258  fmul.o(x$fpl$fmul)
    __fpl_fnaninf                            0x08009e9b   Thumb Code   140  fnaninf.o(x$fpl$fnaninf)
    __fpl_fretinf                            0x08009f27   Thumb Code    10  fretinf.o(x$fpl$fretinf)
    __aeabi_fsub                             0x08009f31   Thumb Code     0  faddsub_clz.o(x$fpl$fsub)
    _fsub                                    0x08009f31   Thumb Code   234  faddsub_clz.o(x$fpl$fsub)
    _printf_fp_dec                           0x0800a01b   Thumb Code     4  printf1.o(x$fpl$printf1)
    __I$use$fp                               0x0800a01e   Number         0  usenofp.o(x$fpl$usenofp)
    asc2_1206                                0x0800a01e   Data        1140  gui.o(.constdata)
    asc2_1608                                0x0800a492   Data        1520  gui.o(.constdata)
    tfont16                                  0x0800aa82   Data        3740  gui.o(.constdata)
    tfont24                                  0x0800b91e   Data         518  gui.o(.constdata)
    tfont32                                  0x0800bb24   Data         520  gui.o(.constdata)
    gImage_1                                 0x0800bd2c   Data        3200  main.o(.constdata)
    gImage_2                                 0x0800c9ac   Data        3200  main.o(.constdata)
    gImage_3                                 0x0800d62c   Data        3200  main.o(.constdata)
    gImage_4                                 0x0800e2ac   Data        3200  main.o(.constdata)
    Region$$Table$$Base                      0x0800f4a0   Number         0  anon$$obj.o(Region$$Table)
    Region$$Table$$Limit                     0x0800f4c0   Number         0  anon$$obj.o(Region$$Table)
    __ctype                                  0x0800f4e9   Data           0  lc_ctype_c.o(locale$$data)
    KeyValue                                 0x20000000   Data           6  main.o(.data)
    ucArray_ID                               0x20000006   Data           4  main.o(.data)
    ucStatusReturn                           0x2000000a   Data           1  main.o(.data)
    ucCardNum                                0x2000000b   Data           1  main.o(.data)
    SystemCoreClock                          0x2000000c   Data           4  system_stm32f10x.o(.data)
    AHBPrescTable                            0x20000010   Data          16  system_stm32f10x.o(.data)
    POINT_COLOR                              0x20000020   Data           2  lcd.o(.data)
    BACK_COLOR                               0x20000022   Data           2  lcd.o(.data)
    DeviceCode                               0x20000024   Data           2  lcd.o(.data)
    tp_dev                                   0x20000028   Data          40  touch.o(.data)
    CMD_RDX                                  0x20000050   Data           1  touch.o(.data)
    CMD_RDY                                  0x20000051   Data           1  touch.o(.data)
    TP_REMIND_MSG_TBL                        0x20000054   Data           4  touch.o(.data)
    __stdout                                 0x20000058   Data           4  bsp_usart.o(.data)
    time                                     0x2000005c   Data         900  timer.o(.data)
    i                                        0x200003e0   Data           1  timer.o(.data)
    send_buff                                0x200003fc   Data         526  main.o(.bss)
    destination                              0x2000060a   Data          64  main.o(.bss)
    cardnum                                  0x2000064a   Data          64  main.o(.bss)
    departure                                0x2000068a   Data          64  main.o(.bss)
    Ride_time                                0x200006ca   Data          64  main.o(.bss)
    ticket                                   0x2000070a   Data          64  main.o(.bss)
    lcddev                                   0x2000074a   Data          14  lcd.o(.bss)
    Usart1_TxBuff                            0x20000758   Data         256  bsp_usart.o(.bss)
    USART3_TxBuff                            0x20000858   Data         256  bsp_usart.o(.bss)
    __libspace_start                         0x20000958   Data          96  libspace.o(.bss)
    __temporary_stack_top$libspace           0x200009b8   Data           0  libspace.o(.bss)



==============================================================================

Memory Map of the image

  Image Entry point : 0x080000ed

  Load Region LR_IROM1 (Base: 0x08000000, Size: 0x0000f9e8, Max: 0x00011000, ABSOLUTE, COMPRESSED[0x0000f694])

    Execution Region ER_IROM1 (Exec base: 0x08000000, Load base: 0x08000000, Size: 0x0000f5ec, Max: 0x00011000, ABSOLUTE)

    Exec Addr    Load Addr    Size         Type   Attr      Idx    E Section Name        Object

    0x08000000   0x08000000   0x000000ec   Data   RO          428    RESET               startup_stm32f10x_md.o
    0x080000ec   0x080000ec   0x00000008   Code   RO          565  * !!!main             c_w.l(__main.o)
    0x080000f4   0x080000f4   0x00000034   Code   RO          926    !!!scatter          c_w.l(__scatter.o)
    0x08000128   0x08000128   0x0000005a   Code   RO          924    !!dczerorl2         c_w.l(__dczerorl2.o)
    0x08000182   0x08000182   0x00000002   PAD
    0x08000184   0x08000184   0x0000001c   Code   RO          928    !!handler_zi        c_w.l(__scatter_zi.o)
    0x080001a0   0x080001a0   0x00000000   Code   RO          558    .ARM.Collect$$_printf_percent$$00000000  c_w.l(_printf_percent.o)
    0x080001a0   0x080001a0   0x00000006   Code   RO          669    .ARM.Collect$$_printf_percent$$00000001  c_w.l(_printf_n.o)
    0x080001a6   0x080001a6   0x00000006   Code   RO          671    .ARM.Collect$$_printf_percent$$00000002  c_w.l(_printf_p.o)
    0x080001ac   0x080001ac   0x00000006   Code   RO          676    .ARM.Collect$$_printf_percent$$00000003  c_w.l(_printf_f.o)
    0x080001b2   0x080001b2   0x00000006   Code   RO          677    .ARM.Collect$$_printf_percent$$00000004  c_w.l(_printf_e.o)
    0x080001b8   0x080001b8   0x00000006   Code   RO          678    .ARM.Collect$$_printf_percent$$00000005  c_w.l(_printf_g.o)
    0x080001be   0x080001be   0x00000006   Code   RO          679    .ARM.Collect$$_printf_percent$$00000006  c_w.l(_printf_a.o)
    0x080001c4   0x080001c4   0x0000000a   Code   RO          684    .ARM.Collect$$_printf_percent$$00000007  c_w.l(_printf_ll.o)
    0x080001ce   0x080001ce   0x00000006   Code   RO          673    .ARM.Collect$$_printf_percent$$00000008  c_w.l(_printf_i.o)
    0x080001d4   0x080001d4   0x00000006   Code   RO          674    .ARM.Collect$$_printf_percent$$00000009  c_w.l(_printf_d.o)
    0x080001da   0x080001da   0x00000006   Code   RO          675    .ARM.Collect$$_printf_percent$$0000000A  c_w.l(_printf_u.o)
    0x080001e0   0x080001e0   0x00000006   Code   RO          672    .ARM.Collect$$_printf_percent$$0000000B  c_w.l(_printf_o.o)
    0x080001e6   0x080001e6   0x00000006   Code   RO          670    .ARM.Collect$$_printf_percent$$0000000C  c_w.l(_printf_x.o)
    0x080001ec   0x080001ec   0x00000006   Code   RO          681    .ARM.Collect$$_printf_percent$$0000000D  c_w.l(_printf_lli.o)
    0x080001f2   0x080001f2   0x00000006   Code   RO          682    .ARM.Collect$$_printf_percent$$0000000E  c_w.l(_printf_lld.o)
    0x080001f8   0x080001f8   0x00000006   Code   RO          683    .ARM.Collect$$_printf_percent$$0000000F  c_w.l(_printf_llu.o)
    0x080001fe   0x080001fe   0x00000006   Code   RO          688    .ARM.Collect$$_printf_percent$$00000010  c_w.l(_printf_llo.o)
    0x08000204   0x08000204   0x00000006   Code   RO          689    .ARM.Collect$$_printf_percent$$00000011  c_w.l(_printf_llx.o)
    0x0800020a   0x0800020a   0x0000000a   Code   RO          685    .ARM.Collect$$_printf_percent$$00000012  c_w.l(_printf_l.o)
    0x08000214   0x08000214   0x00000006   Code   RO          668    .ARM.Collect$$_printf_percent$$00000013  c_w.l(_printf_c.o)
    0x0800021a   0x0800021a   0x00000006   Code   RO          557    .ARM.Collect$$_printf_percent$$00000014  c_w.l(_printf_s.o)
    0x08000220   0x08000220   0x00000006   Code   RO          686    .ARM.Collect$$_printf_percent$$00000015  c_w.l(_printf_lc.o)
    0x08000226   0x08000226   0x00000006   Code   RO          687    .ARM.Collect$$_printf_percent$$00000016  c_w.l(_printf_ls.o)
    0x0800022c   0x0800022c   0x00000004   Code   RO          680    .ARM.Collect$$_printf_percent$$00000017  c_w.l(_printf_percent_end.o)
    0x08000230   0x08000230   0x00000002   Code   RO          790    .ARM.Collect$$libinit$$00000000  c_w.l(libinit.o)
    0x08000232   0x08000232   0x00000000   Code   RO          803    .ARM.Collect$$libinit$$00000002  c_w.l(libinit2.o)
    0x08000232   0x08000232   0x00000000   Code   RO          805    .ARM.Collect$$libinit$$00000004  c_w.l(libinit2.o)
    0x08000232   0x08000232   0x00000000   Code   RO          808    .ARM.Collect$$libinit$$0000000A  c_w.l(libinit2.o)
    0x08000232   0x08000232   0x00000000   Code   RO          810    .ARM.Collect$$libinit$$0000000C  c_w.l(libinit2.o)
    0x08000232   0x08000232   0x00000000   Code   RO          812    .ARM.Collect$$libinit$$0000000E  c_w.l(libinit2.o)
    0x08000232   0x08000232   0x00000006   Code   RO          813    .ARM.Collect$$libinit$$0000000F  c_w.l(libinit2.o)
    0x08000238   0x08000238   0x00000000   Code   RO          815    .ARM.Collect$$libinit$$00000011  c_w.l(libinit2.o)
    0x08000238   0x08000238   0x0000000c   Code   RO          816    .ARM.Collect$$libinit$$00000012  c_w.l(libinit2.o)
    0x08000244   0x08000244   0x00000000   Code   RO          817    .ARM.Collect$$libinit$$00000013  c_w.l(libinit2.o)
    0x08000244   0x08000244   0x00000000   Code   RO          819    .ARM.Collect$$libinit$$00000015  c_w.l(libinit2.o)
    0x08000244   0x08000244   0x0000000a   Code   RO          820    .ARM.Collect$$libinit$$00000016  c_w.l(libinit2.o)
    0x0800024e   0x0800024e   0x00000000   Code   RO          821    .ARM.Collect$$libinit$$00000017  c_w.l(libinit2.o)
    0x0800024e   0x0800024e   0x00000000   Code   RO          823    .ARM.Collect$$libinit$$00000019  c_w.l(libinit2.o)
    0x0800024e   0x0800024e   0x00000000   Code   RO          825    .ARM.Collect$$libinit$$0000001B  c_w.l(libinit2.o)
    0x0800024e   0x0800024e   0x00000000   Code   RO          827    .ARM.Collect$$libinit$$0000001D  c_w.l(libinit2.o)
    0x0800024e   0x0800024e   0x00000000   Code   RO          829    .ARM.Collect$$libinit$$0000001F  c_w.l(libinit2.o)
    0x0800024e   0x0800024e   0x00000000   Code   RO          831    .ARM.Collect$$libinit$$00000021  c_w.l(libinit2.o)
    0x0800024e   0x0800024e   0x00000000   Code   RO          833    .ARM.Collect$$libinit$$00000023  c_w.l(libinit2.o)
    0x0800024e   0x0800024e   0x00000000   Code   RO          835    .ARM.Collect$$libinit$$00000025  c_w.l(libinit2.o)
    0x0800024e   0x0800024e   0x00000000   Code   RO          839    .ARM.Collect$$libinit$$0000002C  c_w.l(libinit2.o)
    0x0800024e   0x0800024e   0x00000000   Code   RO          841    .ARM.Collect$$libinit$$0000002E  c_w.l(libinit2.o)
    0x0800024e   0x0800024e   0x00000000   Code   RO          843    .ARM.Collect$$libinit$$00000030  c_w.l(libinit2.o)
    0x0800024e   0x0800024e   0x00000000   Code   RO          845    .ARM.Collect$$libinit$$00000032  c_w.l(libinit2.o)
    0x0800024e   0x0800024e   0x00000002   Code   RO          846    .ARM.Collect$$libinit$$00000033  c_w.l(libinit2.o)
    0x08000250   0x08000250   0x00000002   Code   RO          864    .ARM.Collect$$libshutdown$$00000000  c_w.l(libshutdown.o)
    0x08000252   0x08000252   0x00000000   Code   RO          874    .ARM.Collect$$libshutdown$$00000002  c_w.l(libshutdown2.o)
    0x08000252   0x08000252   0x00000000   Code   RO          876    .ARM.Collect$$libshutdown$$00000004  c_w.l(libshutdown2.o)
    0x08000252   0x08000252   0x00000000   Code   RO          879    .ARM.Collect$$libshutdown$$00000007  c_w.l(libshutdown2.o)
    0x08000252   0x08000252   0x00000000   Code   RO          882    .ARM.Collect$$libshutdown$$0000000A  c_w.l(libshutdown2.o)
    0x08000252   0x08000252   0x00000000   Code   RO          884    .ARM.Collect$$libshutdown$$0000000C  c_w.l(libshutdown2.o)
    0x08000252   0x08000252   0x00000000   Code   RO          887    .ARM.Collect$$libshutdown$$0000000F  c_w.l(libshutdown2.o)
    0x08000252   0x08000252   0x00000002   Code   RO          888    .ARM.Collect$$libshutdown$$00000010  c_w.l(libshutdown2.o)
    0x08000254   0x08000254   0x00000000   Code   RO          617    .ARM.Collect$$rtentry$$00000000  c_w.l(__rtentry.o)
    0x08000254   0x08000254   0x00000000   Code   RO          706    .ARM.Collect$$rtentry$$00000002  c_w.l(__rtentry2.o)
    0x08000254   0x08000254   0x00000006   Code   RO          718    .ARM.Collect$$rtentry$$00000004  c_w.l(__rtentry4.o)
    0x0800025a   0x0800025a   0x00000000   Code   RO          708    .ARM.Collect$$rtentry$$00000009  c_w.l(__rtentry2.o)
    0x0800025a   0x0800025a   0x00000004   Code   RO          709    .ARM.Collect$$rtentry$$0000000A  c_w.l(__rtentry2.o)
    0x0800025e   0x0800025e   0x00000000   Code   RO          711    .ARM.Collect$$rtentry$$0000000C  c_w.l(__rtentry2.o)
    0x0800025e   0x0800025e   0x00000008   Code   RO          712    .ARM.Collect$$rtentry$$0000000D  c_w.l(__rtentry2.o)
    0x08000266   0x08000266   0x00000002   Code   RO          795    .ARM.Collect$$rtexit$$00000000  c_w.l(rtexit.o)
    0x08000268   0x08000268   0x00000000   Code   RO          848    .ARM.Collect$$rtexit$$00000002  c_w.l(rtexit2.o)
    0x08000268   0x08000268   0x00000004   Code   RO          849    .ARM.Collect$$rtexit$$00000003  c_w.l(rtexit2.o)
    0x0800026c   0x0800026c   0x00000006   Code   RO          850    .ARM.Collect$$rtexit$$00000004  c_w.l(rtexit2.o)
    0x08000272   0x08000272   0x00000002   PAD
    0x08000274   0x08000274   0x00000c08   Code   RO            1    .text               gui.o
    0x08000e7c   0x08000e7c   0x00002810   Code   RO          123    .text               main.o
    0x0800368c   0x0800368c   0x0000001a   Code   RO          177    .text               stm32f10x_it.o
    0x080036a6   0x080036a6   0x00000002   PAD
    0x080036a8   0x080036a8   0x000001e0   Code   RO          189    .text               system_stm32f10x.o
    0x08003888   0x08003888   0x00000428   Code   RO          222    .text               lcd.o
    0x08003cb0   0x08003cb0   0x0000017a   Code   RO          244    .text               24cxx.o
    0x08003e2a   0x08003e2a   0x00000002   PAD
    0x08003e2c   0x08003e2c   0x00000f98   Code   RO          262    .text               touch.o
    0x08004dc4   0x08004dc4   0x000000e4   Code   RO          285    .text               spi.o
    0x08004ea8   0x08004ea8   0x00000260   Code   RO          300    .text               myiic.o
    0x08005108   0x08005108   0x00000038   Code   RO          312    .text               led.o
    0x08005140   0x08005140   0x000001ec   Code   RO          324    .text               bsp_usart.o
    0x0800532c   0x0800532c   0x00000158   Code   RO          353    .text               loader.o
    0x08005484   0x08005484   0x000000c8   Code   RO          372    .text               rc522_config.o
    0x0800554c   0x0800554c   0x00000ac4   Code   RO          384    .text               rc522_function.o
    0x08006010   0x08006010   0x000000d4   Code   RO          400    .text               timer.o
    0x080060e4   0x080060e4   0x00000040   Code   RO          429    .text               startup_stm32f10x_md.o
    0x08006124   0x08006124   0x000000dc   Code   RO          433    .text               misc.o
    0x08006200   0x08006200   0x0000035c   Code   RO          445    .text               stm32f10x_gpio.o
    0x0800655c   0x0800655c   0x000003a4   Code   RO          457    .text               stm32f10x_rcc.o
    0x08006900   0x08006900   0x0000030c   Code   RO          471    .text               stm32f10x_spi.o
    0x08006c0c   0x08006c0c   0x00000408   Code   RO          483    .text               stm32f10x_usart.o
    0x08007014   0x08007014   0x00000e1a   Code   RO          495    .text               stm32f10x_tim.o
    0x08007e2e   0x08007e2e   0x00000002   PAD
    0x08007e30   0x08007e30   0x000000ac   Code   RO          507    .text               delay.o
    0x08007edc   0x08007edc   0x00000024   Code   RO          523    .text               c_w.l(c89vsprintf.o)
    0x08007f00   0x08007f00   0x00000018   Code   RO          525    .text               c_w.l(__2printf.o)
    0x08007f18   0x08007f18   0x0000002c   Code   RO          527    .text               c_w.l(__2sprintf.o)
    0x08007f44   0x08007f44   0x00000052   Code   RO          535    .text               c_w.l(_printf_str.o)
    0x08007f96   0x08007f96   0x00000002   PAD
    0x08007f98   0x08007f98   0x00000188   Code   RO          554    .text               c_w.l(__printf_flags_ss_wp.o)
    0x08008120   0x08008120   0x0000003e   Code   RO          559    .text               c_w.l(strlen.o)
    0x0800815e   0x0800815e   0x00000064   Code   RO          561    .text               c_w.l(rt_memcpy_w.o)
    0x080081c2   0x080081c2   0x00000006   Code   RO          563    .text               c_w.l(heapauxi.o)
    0x080081c8   0x080081c8   0x00000016   Code   RO          618    .text               c_w.l(_rserrno.o)
    0x080081de   0x080081de   0x0000004e   Code   RO          620    .text               c_w.l(_printf_pad.o)
    0x0800822c   0x0800822c   0x00000024   Code   RO          622    .text               c_w.l(_printf_truncate.o)
    0x08008250   0x08008250   0x00000078   Code   RO          624    .text               c_w.l(_printf_dec.o)
    0x080082c8   0x080082c8   0x00000028   Code   RO          626    .text               c_w.l(_printf_charcount.o)
    0x080082f0   0x080082f0   0x00000030   Code   RO          628    .text               c_w.l(_printf_char_common.o)
    0x08008320   0x08008320   0x0000000a   Code   RO          630    .text               c_w.l(_sputc.o)
    0x0800832a   0x0800832a   0x0000002c   Code   RO          632    .text               c_w.l(_printf_char.o)
    0x08008356   0x08008356   0x00000002   PAD
    0x08008358   0x08008358   0x00000024   Code   RO          634    .text               c_w.l(_printf_char_file.o)
    0x0800837c   0x0800837c   0x000000bc   Code   RO          636    .text               c_w.l(_printf_wctomb.o)
    0x08008438   0x08008438   0x0000007c   Code   RO          639    .text               c_w.l(_printf_longlong_dec.o)
    0x080084b4   0x080084b4   0x00000070   Code   RO          645    .text               c_w.l(_printf_oct_int_ll.o)
    0x08008524   0x08008524   0x00000094   Code   RO          665    .text               c_w.l(_printf_hex_int_ll_ptr.o)
    0x080085b8   0x080085b8   0x00000008   Code   RO          723    .text               c_w.l(rt_errno_addr_intlibspace.o)
    0x080085c0   0x080085c0   0x0000008a   Code   RO          725    .text               c_w.l(lludiv10.o)
    0x0800864a   0x0800864a   0x000000b2   Code   RO          727    .text               c_w.l(_printf_intcommon.o)
    0x080086fc   0x080086fc   0x0000041a   Code   RO          729    .text               c_w.l(_printf_fp_dec.o)
    0x08008b16   0x08008b16   0x0000002c   Code   RO          733    .text               c_w.l(_printf_wchar.o)
    0x08008b42   0x08008b42   0x00000008   Code   RO          735    .text               c_w.l(ferror.o)
    0x08008b4a   0x08008b4a   0x00000040   Code   RO          739    .text               c_w.l(_wcrtomb.o)
    0x08008b8a   0x08008b8a   0x00000002   PAD
    0x08008b8c   0x08008b8c   0x00000008   Code   RO          741    .text               c_w.l(libspace.o)
    0x08008b94   0x08008b94   0x0000004a   Code   RO          744    .text               c_w.l(sys_stackheap_outer.o)
    0x08008bde   0x08008bde   0x00000002   PAD
    0x08008be0   0x08008be0   0x00000010   Code   RO          746    .text               c_w.l(rt_ctype_table.o)
    0x08008bf0   0x08008bf0   0x00000008   Code   RO          751    .text               c_w.l(rt_locale_intlibspace.o)
    0x08008bf8   0x08008bf8   0x00000080   Code   RO          753    .text               c_w.l(_printf_fp_infnan.o)
    0x08008c78   0x08008c78   0x000000dc   Code   RO          755    .text               c_w.l(bigflt0.o)
    0x08008d54   0x08008d54   0x00000012   Code   RO          783    .text               c_w.l(exit.o)
    0x08008d66   0x08008d66   0x00000002   PAD
    0x08008d68   0x08008d68   0x00000080   Code   RO          800    .text               c_w.l(strcmpv7m.o)
    0x08008de8   0x08008de8   0x0000003e   Code   RO          758    CL$$btod_d2e        c_w.l(btod.o)
    0x08008e26   0x08008e26   0x00000046   Code   RO          760    CL$$btod_d2e_denorm_low  c_w.l(btod.o)
    0x08008e6c   0x08008e6c   0x00000060   Code   RO          759    CL$$btod_d2e_norm_op1  c_w.l(btod.o)
    0x08008ecc   0x08008ecc   0x00000338   Code   RO          768    CL$$btod_div_common  c_w.l(btod.o)
    0x08009204   0x08009204   0x000000c6   Code   RO          765    CL$$btod_e2e        c_w.l(btod.o)
    0x080092ca   0x080092ca   0x00000028   Code   RO          762    CL$$btod_ediv       c_w.l(btod.o)
    0x080092f2   0x080092f2   0x00000028   Code   RO          761    CL$$btod_emul       c_w.l(btod.o)
    0x0800931a   0x0800931a   0x00000244   Code   RO          767    CL$$btod_mult_common  c_w.l(btod.o)
    0x0800955e   0x0800955e   0x00000028   Code   RO          793    i.__ARM_fpclassify  m_ws.l(fpclassify.o)
    0x08009586   0x08009586   0x0000000e   Code   RO          547    i._is_digit         c_w.l(__printf_wp.o)
    0x08009594   0x08009594   0x0000004c   Code   RO          610    i.sqrt              m_ws.l(sqrt.o)
    0x080095e0   0x080095e0   0x0000002c   Code   RO          781    locale$$code        c_w.l(lc_numeric_c.o)
    0x0800960c   0x0800960c   0x0000002c   Code   RO          798    locale$$code        c_w.l(lc_ctype_c.o)
    0x08009638   0x08009638   0x00000018   Code   RO          690    x$fpl$dcmpinf       fz_ws.l(dcmpi.o)
    0x08009650   0x08009650   0x0000005a   Code   RO          567    x$fpl$dfixu         fz_ws.l(dfixu.o)
    0x080096aa   0x080096aa   0x00000026   Code   RO          571    x$fpl$dfltu         fz_ws.l(dflt_clz.o)
    0x080096d0   0x080096d0   0x00000078   Code   RO          577    x$fpl$dleqf         fz_ws.l(dleqf.o)
    0x08009748   0x08009748   0x0000009c   Code   RO          692    x$fpl$dnaninf       fz_ws.l(dnaninf.o)
    0x080097e4   0x080097e4   0x0000000c   Code   RO          694    x$fpl$dretinf       fz_ws.l(dretinf.o)
    0x080097f0   0x080097f0   0x0000006c   Code   RO          579    x$fpl$drleqf        fz_ws.l(drleqf.o)
    0x0800985c   0x0800985c   0x000001cc   Code   RO          696    x$fpl$dsqrt         fz_ws.l(dsqrt_noumaal.o)
    0x08009a28   0x08009a28   0x00000056   Code   RO          581    x$fpl$f2d           fz_ws.l(f2d.o)
    0x08009a7e   0x08009a7e   0x00000002   PAD
    0x08009a80   0x08009a80   0x000000c4   Code   RO          583    x$fpl$fadd          fz_ws.l(faddsub_clz.o)
    0x08009b44   0x08009b44   0x00000184   Code   RO          590    x$fpl$fdiv          fz_ws.l(fdiv.o)
    0x08009cc8   0x08009cc8   0x00000036   Code   RO          593    x$fpl$ffix          fz_ws.l(ffix.o)
    0x08009cfe   0x08009cfe   0x00000002   PAD
    0x08009d00   0x08009d00   0x0000003e   Code   RO          597    x$fpl$ffixu         fz_ws.l(ffixu.o)
    0x08009d3e   0x08009d3e   0x00000002   PAD
    0x08009d40   0x08009d40   0x00000030   Code   RO          602    x$fpl$fflt          fz_ws.l(fflt_clz.o)
    0x08009d70   0x08009d70   0x00000026   Code   RO          601    x$fpl$ffltu         fz_ws.l(fflt_clz.o)
    0x08009d96   0x08009d96   0x00000002   PAD
    0x08009d98   0x08009d98   0x00000102   Code   RO          607    x$fpl$fmul          fz_ws.l(fmul.o)
    0x08009e9a   0x08009e9a   0x0000008c   Code   RO          698    x$fpl$fnaninf       fz_ws.l(fnaninf.o)
    0x08009f26   0x08009f26   0x0000000a   Code   RO          700    x$fpl$fretinf       fz_ws.l(fretinf.o)
    0x08009f30   0x08009f30   0x000000ea   Code   RO          585    x$fpl$fsub          fz_ws.l(faddsub_clz.o)
    0x0800a01a   0x0800a01a   0x00000004   Code   RO          702    x$fpl$printf1       fz_ws.l(printf1.o)
    0x0800a01e   0x0800a01e   0x00000000   Code   RO          704    x$fpl$usenofp       fz_ws.l(usenofp.o)
    0x0800a01e   0x0800a01e   0x00001d0e   Data   RO            2    .constdata          gui.o
    0x0800bd2c   0x0800bd2c   0x000035c1   Data   RO          125    .constdata          main.o
    0x0800f2ed   0x0800f2ed   0x00000011   Data   RO          555    .constdata          c_w.l(__printf_flags_ss_wp.o)
    0x0800f2fe   0x0800f2fe   0x00000002   PAD
    0x0800f300   0x0800f300   0x00000008   Data   RO          637    .constdata          c_w.l(_printf_wctomb.o)
    0x0800f308   0x0800f308   0x00000028   Data   RO          666    .constdata          c_w.l(_printf_hex_int_ll_ptr.o)
    0x0800f330   0x0800f330   0x00000094   Data   RO          756    .constdata          c_w.l(bigflt0.o)
    0x0800f3c4   0x0800f3c4   0x00000060   Data   RO          126    .conststring        main.o
    0x0800f424   0x0800f424   0x00000079   Data   RO          263    .conststring        touch.o
    0x0800f49d   0x0800f49d   0x00000003   PAD
    0x0800f4a0   0x0800f4a0   0x00000020   Data   RO          922    Region$$Table       anon$$obj.o
    0x0800f4c0   0x0800f4c0   0x0000001c   Data   RO          780    locale$$data        c_w.l(lc_numeric_c.o)
    0x0800f4dc   0x0800f4dc   0x00000110   Data   RO          797    locale$$data        c_w.l(lc_ctype_c.o)


    Execution Region RW_IRAM1 (Exec base: 0x20000000, Load base: 0x0800f5ec, Size: 0x00000fb8, Max: 0x00005000, ABSOLUTE, COMPRESSED[0x000000a8])

    Exec Addr    Load Addr    Size         Type   Attr      Idx    E Section Name        Object

    0x20000000   COMPRESSED   0x0000000c   Data   RW          127    .data               main.o
    0x2000000c   COMPRESSED   0x00000014   Data   RW          190    .data               system_stm32f10x.o
    0x20000020   COMPRESSED   0x00000006   Data   RW          224    .data               lcd.o
    0x20000026   COMPRESSED   0x00000002   PAD
    0x20000028   COMPRESSED   0x00000030   Data   RW          264    .data               touch.o
    0x20000058   COMPRESSED   0x00000004   Data   RW          326    .data               bsp_usart.o
    0x2000005c   COMPRESSED   0x00000385   Data   RW          401    .data               timer.o
    0x200003e1   COMPRESSED   0x00000014   Data   RW          458    .data               stm32f10x_rcc.o
    0x200003f5   COMPRESSED   0x00000001   PAD
    0x200003f6   COMPRESSED   0x00000004   Data   RW          508    .data               delay.o
    0x200003fa   COMPRESSED   0x00000002   PAD
    0x200003fc        -       0x0000034e   Zero   RW          124    .bss                main.o
    0x2000074a        -       0x0000000e   Zero   RW          223    .bss                lcd.o
    0x20000758        -       0x00000200   Zero   RW          325    .bss                bsp_usart.o
    0x20000958        -       0x00000060   Zero   RW          742    .bss                c_w.l(libspace.o)
    0x200009b8        -       0x00000200   Zero   RW          427    HEAP                startup_stm32f10x_md.o
    0x20000bb8        -       0x00000400   Zero   RW          426    STACK               startup_stm32f10x_md.o


==============================================================================

Image component sizes


      Code (inc. data)   RO Data    RW Data    ZI Data      Debug   Object Name

       378          0          0          0          0       2822   24cxx.o
       492         26          0          4        512      10684   bsp_usart.o
         0          0          0          0          0         32   core_cm3.o
       172          8          0          4          0       1095   delay.o
      3080         52       7438          0          0     263458   gui.o
      1064         20          0          6         14       4837   lcd.o
        56          6          0          0          0        491   led.o
       344        158          0          0          0       1131   loader.o
     10256        742      13857         12        846       6935   main.o
       220         22          0          0          0       1809   misc.o
       608         14          0          0          0       1896   myiic.o
       200          8          0          0          0        709   rc522_config.o
      2756        276          0          0          0      10077   rc522_function.o
       228          8          0          0          0       1363   spi.o
        64         26        236          0       1536        800   startup_stm32f10x_md.o
       860         38          0          0          0       5745   stm32f10x_gpio.o
        26          0          0          0          0       1202   stm32f10x_it.o
       932         36          0         20          0       8932   stm32f10x_rcc.o
       780         14          0          0          0       6626   stm32f10x_spi.o
      3610         88          0          0          0      22852   stm32f10x_tim.o
      1032         22          0          0          0       8468   stm32f10x_usart.o
       480         38          0         20          0       1803   system_stm32f10x.o
       212         14          0        901          0       1421   timer.o
      3992        318        121         48          0       6745   touch.o

    ----------------------------------------------------------------------
     31848       1934      21687       1020       2908     371933   Object Totals
         0          0         32          0          0          0   (incl. Generated)
         6          0          3          5          0          0   (incl. Padding)

    ----------------------------------------------------------------------

      Code (inc. data)   RO Data    RW Data    ZI Data      Debug   Library Member Name

        24          4          0          0          0         84   __2printf.o
        44          6          0          0          0         84   __2sprintf.o
        90          0          0          0          0          0   __dczerorl2.o
         8          0          0          0          0         68   __main.o
       392          4         17          0          0         92   __printf_flags_ss_wp.o
        14          0          0          0          0         68   __printf_wp.o
         0          0          0          0          0          0   __rtentry.o
        12          0          0          0          0          0   __rtentry2.o
         6          0          0          0          0          0   __rtentry4.o
        52          8          0          0          0          0   __scatter.o
        28          0          0          0          0          0   __scatter_zi.o
         6          0          0          0          0          0   _printf_a.o
         6          0          0          0          0          0   _printf_c.o
        44          0          0          0          0        108   _printf_char.o
        48          6          0          0          0         96   _printf_char_common.o
        36          4          0          0          0         80   _printf_char_file.o
        40          0          0          0          0         68   _printf_charcount.o
         6          0          0          0          0          0   _printf_d.o
       120         16          0          0          0         92   _printf_dec.o
         6          0          0          0          0          0   _printf_e.o
         6          0          0          0          0          0   _printf_f.o
      1050          0          0          0          0        216   _printf_fp_dec.o
       128         16          0          0          0         84   _printf_fp_infnan.o
         6          0          0          0          0          0   _printf_g.o
       148          4         40          0          0        160   _printf_hex_int_ll_ptr.o
         6          0          0          0          0          0   _printf_i.o
       178          0          0          0          0         88   _printf_intcommon.o
        10          0          0          0          0          0   _printf_l.o
         6          0          0          0          0          0   _printf_lc.o
        10          0          0          0          0          0   _printf_ll.o
         6          0          0          0          0          0   _printf_lld.o
         6          0          0          0          0          0   _printf_lli.o
         6          0          0          0          0          0   _printf_llo.o
         6          0          0          0          0          0   _printf_llu.o
         6          0          0          0          0          0   _printf_llx.o
       124         16          0          0          0         92   _printf_longlong_dec.o
         6          0          0          0          0          0   _printf_ls.o
         6          0          0          0          0          0   _printf_n.o
         6          0          0          0          0          0   _printf_o.o
       112          8          0          0          0        124   _printf_oct_int_ll.o
         6          0          0          0          0          0   _printf_p.o
        78          0          0          0          0        108   _printf_pad.o
         0          0          0          0          0          0   _printf_percent.o
         4          0          0          0          0          0   _printf_percent_end.o
         6          0          0          0          0          0   _printf_s.o
        82          0          0          0          0         80   _printf_str.o
        36          0          0          0          0         84   _printf_truncate.o
         6          0          0          0          0          0   _printf_u.o
        44          0          0          0          0        108   _printf_wchar.o
       188          6          8          0          0         92   _printf_wctomb.o
         6          0          0          0          0          0   _printf_x.o
        22          0          0          0          0        100   _rserrno.o
        10          0          0          0          0         68   _sputc.o
        64          0          0          0          0         92   _wcrtomb.o
       220          4        148          0          0         96   bigflt0.o
      1910        128          0          0          0        672   btod.o
        36          4          0          0          0         76   c89vsprintf.o
        18          0          0          0          0         80   exit.o
         8          0          0          0          0         68   ferror.o
         6          0          0          0          0        152   heapauxi.o
        44         10        272          0          0         76   lc_ctype_c.o
        44         10         28          0          0         76   lc_numeric_c.o
         2          0          0          0          0          0   libinit.o
        30          0          0          0          0          0   libinit2.o
         2          0          0          0          0          0   libshutdown.o
         2          0          0          0          0          0   libshutdown2.o
         8          4          0          0         96         68   libspace.o
       138          0          0          0          0         80   lludiv10.o
        16          4          0          0          0         76   rt_ctype_table.o
         8          4          0          0          0         68   rt_errno_addr_intlibspace.o
         8          4          0          0          0         68   rt_locale_intlibspace.o
       100          0          0          0          0         80   rt_memcpy_w.o
         2          0          0          0          0          0   rtexit.o
        10          0          0          0          0          0   rtexit2.o
       128          0          0          0          0         68   strcmpv7m.o
        62          0          0          0          0         76   strlen.o
        74          0          0          0          0         80   sys_stackheap_outer.o
        24          0          0          0          0         68   dcmpi.o
        90          4          0          0          0         92   dfixu.o
        38          0          0          0          0         68   dflt_clz.o
       120          4          0          0          0         92   dleqf.o
       156          4          0          0          0         92   dnaninf.o
        12          0          0          0          0         68   dretinf.o
       108          0          0          0          0         80   drleqf.o
       460         56          0          0          0        120   dsqrt_noumaal.o
        86          4          0          0          0         84   f2d.o
       430          8          0          0          0        168   faddsub_clz.o
       388         76          0          0          0         96   fdiv.o
        54          4          0          0          0         84   ffix.o
        62          4          0          0          0         84   ffixu.o
        86          0          0          0          0        136   fflt_clz.o
       258          4          0          0          0         84   fmul.o
       140          4          0          0          0         84   fnaninf.o
        10          0          0          0          0         68   fretinf.o
         4          0          0          0          0         68   printf1.o
         0          0          0          0          0          0   usenofp.o
        40          0          0          0          0         68   fpclassify.o
        76          0          0          0          0         84   sqrt.o

    ----------------------------------------------------------------------
      8906        442        515          0         96       6084   Library Totals
        22          0          2          0          0          0   (incl. Padding)

    ----------------------------------------------------------------------

      Code (inc. data)   RO Data    RW Data    ZI Data      Debug   Library Name

      6242        270        513          0         96       4296   c_w.l
      2526        172          0          0          0       1636   fz_ws.l
       116          0          0          0          0        152   m_ws.l

    ----------------------------------------------------------------------
      8906        442        515          0         96       6084   Library Totals

    ----------------------------------------------------------------------

==============================================================================


      Code (inc. data)   RO Data    RW Data    ZI Data      Debug   

     40754       2376      22202       1020       3004     372865   Grand Totals
     40754       2376      22202        168       3004     372865   ELF Image Totals (compressed)
     40754       2376      22202        168          0          0   ROM Totals

==============================================================================

    Total RO  Size (Code + RO Data)                62956 (  61.48kB)
    Total RW  Size (RW Data + ZI Data)              4024 (   3.93kB)
    Total ROM Size (Code + RO Data + RW Data)      63124 (  61.64kB)

==============================================================================

